Archive member included to satisfy reference by file (symbol)

c:/program files (x86)/atmel/studio/7.0/toolchain/arm/arm-gnu-toolchain/bin/../lib/gcc/arm-none-eabi/6.3.1/../../../../arm-none-eabi/lib/thumb/v8-m.base\libc_nano.a(lib_a-exit.o)
                              c:/program files (x86)/atmel/studio/7.0/toolchain/arm/arm-gnu-toolchain/bin/../lib/gcc/arm-none-eabi/6.3.1/../../../../arm-none-eabi/lib/thumb/v8-m.base/crt0.o (exit)
c:/program files (x86)/atmel/studio/7.0/toolchain/arm/arm-gnu-toolchain/bin/../lib/gcc/arm-none-eabi/6.3.1/../../../../arm-none-eabi/lib/thumb/v8-m.base\libc_nano.a(lib_a-impure.o)
                              c:/program files (x86)/atmel/studio/7.0/toolchain/arm/arm-gnu-toolchain/bin/../lib/gcc/arm-none-eabi/6.3.1/../../../../arm-none-eabi/lib/thumb/v8-m.base\libc_nano.a(lib_a-exit.o) (_global_impure_ptr)
c:/program files (x86)/atmel/studio/7.0/toolchain/arm/arm-gnu-toolchain/bin/../lib/gcc/arm-none-eabi/6.3.1/../../../../arm-none-eabi/lib/thumb/v8-m.base\libc_nano.a(lib_a-init.o)
                              c:/program files (x86)/atmel/studio/7.0/toolchain/arm/arm-gnu-toolchain/bin/../lib/gcc/arm-none-eabi/6.3.1/../../../../arm-none-eabi/lib/thumb/v8-m.base/crt0.o (__libc_init_array)
c:/program files (x86)/atmel/studio/7.0/toolchain/arm/arm-gnu-toolchain/bin/../lib/gcc/arm-none-eabi/6.3.1/../../../../arm-none-eabi/lib/thumb/v8-m.base\libc_nano.a(lib_a-memset.o)
                              c:/program files (x86)/atmel/studio/7.0/toolchain/arm/arm-gnu-toolchain/bin/../lib/gcc/arm-none-eabi/6.3.1/../../../../arm-none-eabi/lib/thumb/v8-m.base/crt0.o (memset)
c:/program files (x86)/atmel/studio/7.0/toolchain/arm/arm-gnu-toolchain/bin/../lib/gcc/arm-none-eabi/6.3.1/../../../../arm-none-eabi/lib/thumb/v8-m.base\libnosys.a(_exit.o)
                              c:/program files (x86)/atmel/studio/7.0/toolchain/arm/arm-gnu-toolchain/bin/../lib/gcc/arm-none-eabi/6.3.1/../../../../arm-none-eabi/lib/thumb/v8-m.base\libc_nano.a(lib_a-exit.o) (_exit)

Discarded input sections

 .text          0x00000000        0x0 c:/program files (x86)/atmel/studio/7.0/toolchain/arm/arm-gnu-toolchain/bin/../lib/gcc/arm-none-eabi/6.3.1/thumb/v8-m.base/crti.o
 .data          0x00000000        0x0 c:/program files (x86)/atmel/studio/7.0/toolchain/arm/arm-gnu-toolchain/bin/../lib/gcc/arm-none-eabi/6.3.1/thumb/v8-m.base/crti.o
 .bss           0x00000000        0x0 c:/program files (x86)/atmel/studio/7.0/toolchain/arm/arm-gnu-toolchain/bin/../lib/gcc/arm-none-eabi/6.3.1/thumb/v8-m.base/crti.o
 .data          0x00000000        0x4 c:/program files (x86)/atmel/studio/7.0/toolchain/arm/arm-gnu-toolchain/bin/../lib/gcc/arm-none-eabi/6.3.1/thumb/v8-m.base/crtbegin.o
 .text          0x00000000       0x78 c:/program files (x86)/atmel/studio/7.0/toolchain/arm/arm-gnu-toolchain/bin/../lib/gcc/arm-none-eabi/6.3.1/../../../../arm-none-eabi/lib/thumb/v8-m.base/crt0.o
 .data          0x00000000        0x0 c:/program files (x86)/atmel/studio/7.0/toolchain/arm/arm-gnu-toolchain/bin/../lib/gcc/arm-none-eabi/6.3.1/../../../../arm-none-eabi/lib/thumb/v8-m.base/crt0.o
 .bss           0x00000000        0x0 c:/program files (x86)/atmel/studio/7.0/toolchain/arm/arm-gnu-toolchain/bin/../lib/gcc/arm-none-eabi/6.3.1/../../../../arm-none-eabi/lib/thumb/v8-m.base/crt0.o
 .ARM.extab     0x00000000        0x0 c:/program files (x86)/atmel/studio/7.0/toolchain/arm/arm-gnu-toolchain/bin/../lib/gcc/arm-none-eabi/6.3.1/../../../../arm-none-eabi/lib/thumb/v8-m.base/crt0.o
 .ARM.exidx     0x00000000        0x8 c:/program files (x86)/atmel/studio/7.0/toolchain/arm/arm-gnu-toolchain/bin/../lib/gcc/arm-none-eabi/6.3.1/../../../../arm-none-eabi/lib/thumb/v8-m.base/crt0.o
 .ARM.attributes
                0x00000000       0x20 c:/program files (x86)/atmel/studio/7.0/toolchain/arm/arm-gnu-toolchain/bin/../lib/gcc/arm-none-eabi/6.3.1/../../../../arm-none-eabi/lib/thumb/v8-m.base/crt0.o
 .group         0x00000000        0x8 Device_Startup/startup_saml11e16a.o
 .group         0x00000000        0x8 Device_Startup/startup_saml11e16a.o
 .group         0x00000000        0x8 Device_Startup/startup_saml11e16a.o
 .group         0x00000000        0x8 Device_Startup/startup_saml11e16a.o
 .group         0x00000000        0x8 Device_Startup/startup_saml11e16a.o
 .group         0x00000000        0x8 Device_Startup/startup_saml11e16a.o
 .group         0x00000000        0x8 Device_Startup/startup_saml11e16a.o
 .group         0x00000000        0x8 Device_Startup/startup_saml11e16a.o
 .group         0x00000000        0x8 Device_Startup/startup_saml11e16a.o
 .group         0x00000000        0x8 Device_Startup/startup_saml11e16a.o
 .group         0x00000000        0x8 Device_Startup/startup_saml11e16a.o
 .group         0x00000000        0x8 Device_Startup/startup_saml11e16a.o
 .group         0x00000000        0x8 Device_Startup/startup_saml11e16a.o
 .group         0x00000000        0x8 Device_Startup/startup_saml11e16a.o
 .group         0x00000000        0x8 Device_Startup/startup_saml11e16a.o
 .group         0x00000000        0x8 Device_Startup/startup_saml11e16a.o
 .group         0x00000000        0x8 Device_Startup/startup_saml11e16a.o
 .group         0x00000000        0x8 Device_Startup/startup_saml11e16a.o
 .group         0x00000000        0x8 Device_Startup/startup_saml11e16a.o
 .group         0x00000000        0x8 Device_Startup/startup_saml11e16a.o
 .group         0x00000000        0x8 Device_Startup/startup_saml11e16a.o
 .group         0x00000000        0x8 Device_Startup/startup_saml11e16a.o
 .group         0x00000000        0x8 Device_Startup/startup_saml11e16a.o
 .group         0x00000000        0x8 Device_Startup/startup_saml11e16a.o
 .group         0x00000000        0x8 Device_Startup/startup_saml11e16a.o
 .group         0x00000000        0x8 Device_Startup/startup_saml11e16a.o
 .group         0x00000000        0x8 Device_Startup/startup_saml11e16a.o
 .group         0x00000000        0x8 Device_Startup/startup_saml11e16a.o
 .group         0x00000000        0x8 Device_Startup/startup_saml11e16a.o
 .group         0x00000000        0x8 Device_Startup/startup_saml11e16a.o
 .group         0x00000000        0x8 Device_Startup/startup_saml11e16a.o
 .group         0x00000000        0x8 Device_Startup/startup_saml11e16a.o
 .group         0x00000000        0x8 Device_Startup/startup_saml11e16a.o
 .group         0x00000000        0x8 Device_Startup/startup_saml11e16a.o
 .group         0x00000000        0x8 Device_Startup/startup_saml11e16a.o
 .group         0x00000000        0x8 Device_Startup/startup_saml11e16a.o
 .group         0x00000000        0x8 Device_Startup/startup_saml11e16a.o
 .group         0x00000000        0x8 Device_Startup/startup_saml11e16a.o
 .group         0x00000000        0x8 Device_Startup/startup_saml11e16a.o
 .group         0x00000000        0x8 Device_Startup/startup_saml11e16a.o
 .group         0x00000000        0x8 Device_Startup/startup_saml11e16a.o
 .group         0x00000000        0x8 Device_Startup/startup_saml11e16a.o
 .group         0x00000000        0x8 Device_Startup/startup_saml11e16a.o
 .group         0x00000000        0x8 Device_Startup/startup_saml11e16a.o
 .group         0x00000000        0x8 Device_Startup/startup_saml11e16a.o
 .group         0x00000000        0x8 Device_Startup/startup_saml11e16a.o
 .group         0x00000000        0x8 Device_Startup/startup_saml11e16a.o
 .group         0x00000000        0x8 Device_Startup/startup_saml11e16a.o
 .group         0x00000000        0x8 Device_Startup/startup_saml11e16a.o
 .group         0x00000000        0x8 Device_Startup/startup_saml11e16a.o
 .group         0x00000000        0x8 Device_Startup/startup_saml11e16a.o
 .group         0x00000000        0x8 Device_Startup/startup_saml11e16a.o
 .group         0x00000000        0x8 Device_Startup/startup_saml11e16a.o
 .group         0x00000000        0x8 Device_Startup/startup_saml11e16a.o
 .group         0x00000000        0x8 Device_Startup/startup_saml11e16a.o
 .group         0x00000000        0x8 Device_Startup/startup_saml11e16a.o
 .group         0x00000000        0x8 Device_Startup/startup_saml11e16a.o
 .group         0x00000000        0x8 Device_Startup/startup_saml11e16a.o
 .group         0x00000000        0x8 Device_Startup/startup_saml11e16a.o
 .group         0x00000000        0x8 Device_Startup/startup_saml11e16a.o
 .group         0x00000000        0x8 Device_Startup/startup_saml11e16a.o
 .group         0x00000000        0x8 Device_Startup/startup_saml11e16a.o
 .group         0x00000000        0x8 Device_Startup/startup_saml11e16a.o
 .group         0x00000000        0x8 Device_Startup/startup_saml11e16a.o
 .group         0x00000000        0x8 Device_Startup/startup_saml11e16a.o
 .group         0x00000000        0x8 Device_Startup/startup_saml11e16a.o
 .group         0x00000000        0x8 Device_Startup/startup_saml11e16a.o
 .group         0x00000000        0x8 Device_Startup/startup_saml11e16a.o
 .group         0x00000000        0x8 Device_Startup/startup_saml11e16a.o
 .group         0x00000000        0x8 Device_Startup/startup_saml11e16a.o
 .group         0x00000000        0x8 Device_Startup/startup_saml11e16a.o
 .group         0x00000000        0x8 Device_Startup/startup_saml11e16a.o
 .group         0x00000000        0x8 Device_Startup/startup_saml11e16a.o
 .group         0x00000000        0x8 Device_Startup/startup_saml11e16a.o
 .text          0x00000000        0x0 Device_Startup/startup_saml11e16a.o
 .data          0x00000000        0x0 Device_Startup/startup_saml11e16a.o
 .bss           0x00000000        0x0 Device_Startup/startup_saml11e16a.o
 .group         0x00000000        0x8 Device_Startup/system_saml11e16a.o
 .group         0x00000000        0x8 Device_Startup/system_saml11e16a.o
 .group         0x00000000        0x8 Device_Startup/system_saml11e16a.o
 .group         0x00000000        0x8 Device_Startup/system_saml11e16a.o
 .group         0x00000000        0x8 Device_Startup/system_saml11e16a.o
 .group         0x00000000        0x8 Device_Startup/system_saml11e16a.o
 .group         0x00000000        0x8 Device_Startup/system_saml11e16a.o
 .group         0x00000000        0x8 Device_Startup/system_saml11e16a.o
 .group         0x00000000        0x8 Device_Startup/system_saml11e16a.o
 .group         0x00000000        0x8 Device_Startup/system_saml11e16a.o
 .group         0x00000000        0x8 Device_Startup/system_saml11e16a.o
 .group         0x00000000        0x8 Device_Startup/system_saml11e16a.o
 .group         0x00000000        0x8 Device_Startup/system_saml11e16a.o
 .group         0x00000000        0x8 Device_Startup/system_saml11e16a.o
 .group         0x00000000        0x8 Device_Startup/system_saml11e16a.o
 .group         0x00000000        0x8 Device_Startup/system_saml11e16a.o
 .group         0x00000000        0x8 Device_Startup/system_saml11e16a.o
 .group         0x00000000        0x8 Device_Startup/system_saml11e16a.o
 .group         0x00000000        0x8 Device_Startup/system_saml11e16a.o
 .group         0x00000000        0x8 Device_Startup/system_saml11e16a.o
 .group         0x00000000        0x8 Device_Startup/system_saml11e16a.o
 .group         0x00000000        0x8 Device_Startup/system_saml11e16a.o
 .group         0x00000000        0x8 Device_Startup/system_saml11e16a.o
 .group         0x00000000        0x8 Device_Startup/system_saml11e16a.o
 .group         0x00000000        0x8 Device_Startup/system_saml11e16a.o
 .group         0x00000000        0x8 Device_Startup/system_saml11e16a.o
 .group         0x00000000        0x8 Device_Startup/system_saml11e16a.o
 .group         0x00000000        0x8 Device_Startup/system_saml11e16a.o
 .group         0x00000000        0x8 Device_Startup/system_saml11e16a.o
 .group         0x00000000        0x8 Device_Startup/system_saml11e16a.o
 .group         0x00000000        0x8 Device_Startup/system_saml11e16a.o
 .group         0x00000000        0x8 Device_Startup/system_saml11e16a.o
 .group         0x00000000        0x8 Device_Startup/system_saml11e16a.o
 .group         0x00000000        0x8 Device_Startup/system_saml11e16a.o
 .group         0x00000000        0x8 Device_Startup/system_saml11e16a.o
 .group         0x00000000        0x8 Device_Startup/system_saml11e16a.o
 .group         0x00000000        0x8 Device_Startup/system_saml11e16a.o
 .group         0x00000000        0x8 Device_Startup/system_saml11e16a.o
 .group         0x00000000        0x8 Device_Startup/system_saml11e16a.o
 .group         0x00000000        0x8 Device_Startup/system_saml11e16a.o
 .group         0x00000000        0x8 Device_Startup/system_saml11e16a.o
 .group         0x00000000        0x8 Device_Startup/system_saml11e16a.o
 .group         0x00000000        0x8 Device_Startup/system_saml11e16a.o
 .group         0x00000000        0x8 Device_Startup/system_saml11e16a.o
 .group         0x00000000        0x8 Device_Startup/system_saml11e16a.o
 .group         0x00000000        0x8 Device_Startup/system_saml11e16a.o
 .group         0x00000000        0x8 Device_Startup/system_saml11e16a.o
 .group         0x00000000        0x8 Device_Startup/system_saml11e16a.o
 .group         0x00000000        0x8 Device_Startup/system_saml11e16a.o
 .group         0x00000000        0x8 Device_Startup/system_saml11e16a.o
 .group         0x00000000        0x8 Device_Startup/system_saml11e16a.o
 .group         0x00000000        0x8 Device_Startup/system_saml11e16a.o
 .group         0x00000000        0x8 Device_Startup/system_saml11e16a.o
 .group         0x00000000        0x8 Device_Startup/system_saml11e16a.o
 .group         0x00000000        0x8 Device_Startup/system_saml11e16a.o
 .group         0x00000000        0x8 Device_Startup/system_saml11e16a.o
 .group         0x00000000        0x8 Device_Startup/system_saml11e16a.o
 .group         0x00000000        0x8 Device_Startup/system_saml11e16a.o
 .group         0x00000000        0x8 Device_Startup/system_saml11e16a.o
 .group         0x00000000        0x8 Device_Startup/system_saml11e16a.o
 .group         0x00000000        0x8 Device_Startup/system_saml11e16a.o
 .group         0x00000000        0x8 Device_Startup/system_saml11e16a.o
 .group         0x00000000        0x8 Device_Startup/system_saml11e16a.o
 .group         0x00000000        0x8 Device_Startup/system_saml11e16a.o
 .group         0x00000000        0x8 Device_Startup/system_saml11e16a.o
 .group         0x00000000        0x8 Device_Startup/system_saml11e16a.o
 .group         0x00000000        0x8 Device_Startup/system_saml11e16a.o
 .group         0x00000000        0x8 Device_Startup/system_saml11e16a.o
 .group         0x00000000        0x8 Device_Startup/system_saml11e16a.o
 .group         0x00000000        0x8 Device_Startup/system_saml11e16a.o
 .group         0x00000000        0x8 Device_Startup/system_saml11e16a.o
 .group         0x00000000        0x8 Device_Startup/system_saml11e16a.o
 .group         0x00000000        0x8 Device_Startup/system_saml11e16a.o
 .group         0x00000000        0x8 Device_Startup/system_saml11e16a.o
 .text          0x00000000        0x0 Device_Startup/system_saml11e16a.o
 .data          0x00000000        0x4 Device_Startup/system_saml11e16a.o
 .bss           0x00000000        0x0 Device_Startup/system_saml11e16a.o
 .text.SystemInit
                0x00000000       0x14 Device_Startup/system_saml11e16a.o
 .text.SystemCoreClockUpdate
                0x00000000       0x14 Device_Startup/system_saml11e16a.o
 .debug_info    0x00000000       0xd5 Device_Startup/system_saml11e16a.o
 .debug_abbrev  0x00000000       0x72 Device_Startup/system_saml11e16a.o
 .debug_aranges
                0x00000000       0x28 Device_Startup/system_saml11e16a.o
 .debug_ranges  0x00000000       0x18 Device_Startup/system_saml11e16a.o
 .debug_macro   0x00000000      0x311 Device_Startup/system_saml11e16a.o
 .debug_macro   0x00000000      0x8b6 Device_Startup/system_saml11e16a.o
 .debug_macro   0x00000000       0x22 Device_Startup/system_saml11e16a.o
 .debug_macro   0x00000000       0x87 Device_Startup/system_saml11e16a.o
 .debug_macro   0x00000000       0x51 Device_Startup/system_saml11e16a.o
 .debug_macro   0x00000000       0xef Device_Startup/system_saml11e16a.o
 .debug_macro   0x00000000       0x6a Device_Startup/system_saml11e16a.o
 .debug_macro   0x00000000      0x1df Device_Startup/system_saml11e16a.o
 .debug_macro   0x00000000       0xc3 Device_Startup/system_saml11e16a.o
 .debug_macro   0x00000000       0x28 Device_Startup/system_saml11e16a.o
 .debug_macro   0x00000000       0x85 Device_Startup/system_saml11e16a.o
 .debug_macro   0x00000000      0x9aa Device_Startup/system_saml11e16a.o
 .debug_macro   0x00000000      0x894 Device_Startup/system_saml11e16a.o
 .debug_macro   0x00000000      0xb83 Device_Startup/system_saml11e16a.o
 .debug_macro   0x00000000      0x3e0 Device_Startup/system_saml11e16a.o
 .debug_macro   0x00000000      0x373 Device_Startup/system_saml11e16a.o
 .debug_macro   0x00000000      0xf2c Device_Startup/system_saml11e16a.o
 .debug_macro   0x00000000      0x834 Device_Startup/system_saml11e16a.o
 .debug_macro   0x00000000      0x814 Device_Startup/system_saml11e16a.o
 .debug_macro   0x00000000      0xbf2 Device_Startup/system_saml11e16a.o
 .debug_macro   0x00000000      0x20d Device_Startup/system_saml11e16a.o
 .debug_macro   0x00000000      0x2b1 Device_Startup/system_saml11e16a.o
 .debug_macro   0x00000000      0x113 Device_Startup/system_saml11e16a.o
 .debug_macro   0x00000000      0x532 Device_Startup/system_saml11e16a.o
 .debug_macro   0x00000000      0xfd0 Device_Startup/system_saml11e16a.o
 .debug_macro   0x00000000      0x267 Device_Startup/system_saml11e16a.o
 .debug_macro   0x00000000      0xb82 Device_Startup/system_saml11e16a.o
 .debug_macro   0x00000000      0x370 Device_Startup/system_saml11e16a.o
 .debug_macro   0x00000000      0xe6d Device_Startup/system_saml11e16a.o
 .debug_macro   0x00000000      0x292 Device_Startup/system_saml11e16a.o
 .debug_macro   0x00000000      0x5b7 Device_Startup/system_saml11e16a.o
 .debug_macro   0x00000000       0x1c Device_Startup/system_saml11e16a.o
 .debug_macro   0x00000000       0x9a Device_Startup/system_saml11e16a.o
 .debug_macro   0x00000000     0x231e Device_Startup/system_saml11e16a.o
 .debug_macro   0x00000000     0x15b1 Device_Startup/system_saml11e16a.o
 .debug_macro   0x00000000      0x9c1 Device_Startup/system_saml11e16a.o
 .debug_macro   0x00000000      0xbee Device_Startup/system_saml11e16a.o
 .debug_macro   0x00000000      0x2b4 Device_Startup/system_saml11e16a.o
 .debug_macro   0x00000000      0x13d Device_Startup/system_saml11e16a.o
 .debug_macro   0x00000000      0x41d Device_Startup/system_saml11e16a.o
 .debug_macro   0x00000000       0x88 Device_Startup/system_saml11e16a.o
 .debug_macro   0x00000000       0xb2 Device_Startup/system_saml11e16a.o
 .debug_macro   0x00000000       0x46 Device_Startup/system_saml11e16a.o
 .debug_macro   0x00000000       0x5e Device_Startup/system_saml11e16a.o
 .debug_macro   0x00000000       0xdc Device_Startup/system_saml11e16a.o
 .debug_macro   0x00000000       0xe8 Device_Startup/system_saml11e16a.o
 .debug_macro   0x00000000       0x94 Device_Startup/system_saml11e16a.o
 .debug_macro   0x00000000      0x2a2 Device_Startup/system_saml11e16a.o
 .debug_macro   0x00000000       0x52 Device_Startup/system_saml11e16a.o
 .debug_macro   0x00000000       0xf4 Device_Startup/system_saml11e16a.o
 .debug_macro   0x00000000       0xbe Device_Startup/system_saml11e16a.o
 .debug_macro   0x00000000       0x52 Device_Startup/system_saml11e16a.o
 .debug_macro   0x00000000       0xe2 Device_Startup/system_saml11e16a.o
 .debug_macro   0x00000000       0x3a Device_Startup/system_saml11e16a.o
 .debug_macro   0x00000000       0xb8 Device_Startup/system_saml11e16a.o
 .debug_macro   0x00000000       0x4c Device_Startup/system_saml11e16a.o
 .debug_macro   0x00000000       0x82 Device_Startup/system_saml11e16a.o
 .debug_macro   0x00000000       0x46 Device_Startup/system_saml11e16a.o
 .debug_macro   0x00000000       0xb8 Device_Startup/system_saml11e16a.o
 .debug_macro   0x00000000       0x34 Device_Startup/system_saml11e16a.o
 .debug_macro   0x00000000       0x22 Device_Startup/system_saml11e16a.o
 .debug_macro   0x00000000      0x14b Device_Startup/system_saml11e16a.o
 .debug_macro   0x00000000      0x189 Device_Startup/system_saml11e16a.o
 .debug_macro   0x00000000      0x189 Device_Startup/system_saml11e16a.o
 .debug_macro   0x00000000      0x189 Device_Startup/system_saml11e16a.o
 .debug_macro   0x00000000       0x58 Device_Startup/system_saml11e16a.o
 .debug_macro   0x00000000      0x11f Device_Startup/system_saml11e16a.o
 .debug_macro   0x00000000      0x11f Device_Startup/system_saml11e16a.o
 .debug_macro   0x00000000      0x11f Device_Startup/system_saml11e16a.o
 .debug_macro   0x00000000      0x209 Device_Startup/system_saml11e16a.o
 .debug_macro   0x00000000       0x34 Device_Startup/system_saml11e16a.o
 .debug_macro   0x00000000       0x40 Device_Startup/system_saml11e16a.o
 .debug_macro   0x00000000      0x384 Device_Startup/system_saml11e16a.o
 .debug_macro   0x00000000     0x1884 Device_Startup/system_saml11e16a.o
 .debug_macro   0x00000000      0x31b Device_Startup/system_saml11e16a.o
 .debug_line    0x00000000      0x6c6 Device_Startup/system_saml11e16a.o
 .debug_str     0x00000000    0x7dd17 Device_Startup/system_saml11e16a.o
 .comment       0x00000000       0x5a Device_Startup/system_saml11e16a.o
 .debug_frame   0x00000000       0x30 Device_Startup/system_saml11e16a.o
 .ARM.attributes
                0x00000000       0x32 Device_Startup/system_saml11e16a.o
 .group         0x00000000        0x8 main.o
 .group         0x00000000        0x8 main.o
 .group         0x00000000        0x8 main.o
 .group         0x00000000        0x8 main.o
 .group         0x00000000        0x8 main.o
 .group         0x00000000        0x8 main.o
 .group         0x00000000        0x8 main.o
 .group         0x00000000        0x8 main.o
 .group         0x00000000        0x8 main.o
 .group         0x00000000        0x8 main.o
 .group         0x00000000        0x8 main.o
 .group         0x00000000        0x8 main.o
 .group         0x00000000        0x8 main.o
 .group         0x00000000        0x8 main.o
 .group         0x00000000        0x8 main.o
 .group         0x00000000        0x8 main.o
 .group         0x00000000        0x8 main.o
 .group         0x00000000        0x8 main.o
 .group         0x00000000        0x8 main.o
 .group         0x00000000        0x8 main.o
 .group         0x00000000        0x8 main.o
 .group         0x00000000        0x8 main.o
 .group         0x00000000        0x8 main.o
 .group         0x00000000        0x8 main.o
 .group         0x00000000        0x8 main.o
 .group         0x00000000        0x8 main.o
 .group         0x00000000        0x8 main.o
 .group         0x00000000        0x8 main.o
 .group         0x00000000        0x8 main.o
 .group         0x00000000        0x8 main.o
 .group         0x00000000        0x8 main.o
 .group         0x00000000        0x8 main.o
 .group         0x00000000        0x8 main.o
 .group         0x00000000        0x8 main.o
 .group         0x00000000        0x8 main.o
 .group         0x00000000        0x8 main.o
 .group         0x00000000        0x8 main.o
 .group         0x00000000        0x8 main.o
 .group         0x00000000        0x8 main.o
 .group         0x00000000        0x8 main.o
 .group         0x00000000        0x8 main.o
 .group         0x00000000        0x8 main.o
 .group         0x00000000        0x8 main.o
 .group         0x00000000        0x8 main.o
 .group         0x00000000        0x8 main.o
 .group         0x00000000        0x8 main.o
 .group         0x00000000        0x8 main.o
 .group         0x00000000        0x8 main.o
 .group         0x00000000        0x8 main.o
 .group         0x00000000        0x8 main.o
 .group         0x00000000        0x8 main.o
 .group         0x00000000        0x8 main.o
 .group         0x00000000        0x8 main.o
 .group         0x00000000        0x8 main.o
 .group         0x00000000        0x8 main.o
 .group         0x00000000        0x8 main.o
 .group         0x00000000        0x8 main.o
 .group         0x00000000        0x8 main.o
 .group         0x00000000        0x8 main.o
 .group         0x00000000        0x8 main.o
 .group         0x00000000        0x8 main.o
 .group         0x00000000        0x8 main.o
 .group         0x00000000        0x8 main.o
 .group         0x00000000        0x8 main.o
 .group         0x00000000        0x8 main.o
 .group         0x00000000        0x8 main.o
 .group         0x00000000        0x8 main.o
 .group         0x00000000        0x8 main.o
 .group         0x00000000        0x8 main.o
 .group         0x00000000        0x8 main.o
 .group         0x00000000        0x8 main.o
 .group         0x00000000        0x8 main.o
 .group         0x00000000        0x8 main.o
 .group         0x00000000        0x8 main.o
 .text          0x00000000        0x0 main.o
 .data          0x00000000        0x0 main.o
 .bss           0x00000000        0x0 main.o
 .debug_macro   0x00000000      0x8b6 main.o
 .debug_macro   0x00000000       0x22 main.o
 .debug_macro   0x00000000       0x87 main.o
 .debug_macro   0x00000000       0x51 main.o
 .debug_macro   0x00000000       0xef main.o
 .debug_macro   0x00000000       0x6a main.o
 .debug_macro   0x00000000      0x1df main.o
 .debug_macro   0x00000000       0xc3 main.o
 .debug_macro   0x00000000       0x28 main.o
 .debug_macro   0x00000000       0x85 main.o
 .debug_macro   0x00000000      0x9aa main.o
 .debug_macro   0x00000000      0x894 main.o
 .debug_macro   0x00000000      0xb83 main.o
 .debug_macro   0x00000000      0x3e0 main.o
 .debug_macro   0x00000000      0x373 main.o
 .debug_macro   0x00000000      0xf2c main.o
 .debug_macro   0x00000000      0x834 main.o
 .debug_macro   0x00000000      0x814 main.o
 .debug_macro   0x00000000      0xbf2 main.o
 .debug_macro   0x00000000      0x20d main.o
 .debug_macro   0x00000000      0x2b1 main.o
 .debug_macro   0x00000000      0x113 main.o
 .debug_macro   0x00000000      0x532 main.o
 .debug_macro   0x00000000      0xfd0 main.o
 .debug_macro   0x00000000      0x267 main.o
 .debug_macro   0x00000000      0xb82 main.o
 .debug_macro   0x00000000      0x370 main.o
 .debug_macro   0x00000000      0xe6d main.o
 .debug_macro   0x00000000      0x292 main.o
 .debug_macro   0x00000000      0x5b7 main.o
 .debug_macro   0x00000000       0x1c main.o
 .debug_macro   0x00000000       0x9a main.o
 .debug_macro   0x00000000     0x231e main.o
 .debug_macro   0x00000000     0x15b1 main.o
 .debug_macro   0x00000000      0x9c1 main.o
 .debug_macro   0x00000000      0xbee main.o
 .debug_macro   0x00000000      0x2b4 main.o
 .debug_macro   0x00000000      0x13d main.o
 .debug_macro   0x00000000      0x41d main.o
 .debug_macro   0x00000000       0x88 main.o
 .debug_macro   0x00000000       0xb2 main.o
 .debug_macro   0x00000000       0x46 main.o
 .debug_macro   0x00000000       0x5e main.o
 .debug_macro   0x00000000       0xdc main.o
 .debug_macro   0x00000000       0xe8 main.o
 .debug_macro   0x00000000       0x94 main.o
 .debug_macro   0x00000000      0x2a2 main.o
 .debug_macro   0x00000000       0x52 main.o
 .debug_macro   0x00000000       0xf4 main.o
 .debug_macro   0x00000000       0xbe main.o
 .debug_macro   0x00000000       0x52 main.o
 .debug_macro   0x00000000       0xe2 main.o
 .debug_macro   0x00000000       0x3a main.o
 .debug_macro   0x00000000       0xb8 main.o
 .debug_macro   0x00000000       0x4c main.o
 .debug_macro   0x00000000       0x82 main.o
 .debug_macro   0x00000000       0x46 main.o
 .debug_macro   0x00000000       0xb8 main.o
 .debug_macro   0x00000000       0x34 main.o
 .debug_macro   0x00000000       0x22 main.o
 .debug_macro   0x00000000      0x14b main.o
 .debug_macro   0x00000000      0x189 main.o
 .debug_macro   0x00000000      0x189 main.o
 .debug_macro   0x00000000      0x189 main.o
 .debug_macro   0x00000000       0x58 main.o
 .debug_macro   0x00000000      0x11f main.o
 .debug_macro   0x00000000      0x11f main.o
 .debug_macro   0x00000000      0x11f main.o
 .debug_macro   0x00000000      0x209 main.o
 .debug_macro   0x00000000       0x34 main.o
 .debug_macro   0x00000000       0x40 main.o
 .debug_macro   0x00000000      0x384 main.o
 .debug_macro   0x00000000     0x1884 main.o
 .debug_macro   0x00000000      0x31b main.o
 .text          0x00000000        0x0 c:/program files (x86)/atmel/studio/7.0/toolchain/arm/arm-gnu-toolchain/bin/../lib/gcc/arm-none-eabi/6.3.1/../../../../arm-none-eabi/lib/thumb/v8-m.base\libc_nano.a(lib_a-exit.o)
 .data          0x00000000        0x0 c:/program files (x86)/atmel/studio/7.0/toolchain/arm/arm-gnu-toolchain/bin/../lib/gcc/arm-none-eabi/6.3.1/../../../../arm-none-eabi/lib/thumb/v8-m.base\libc_nano.a(lib_a-exit.o)
 .bss           0x00000000        0x0 c:/program files (x86)/atmel/studio/7.0/toolchain/arm/arm-gnu-toolchain/bin/../lib/gcc/arm-none-eabi/6.3.1/../../../../arm-none-eabi/lib/thumb/v8-m.base\libc_nano.a(lib_a-exit.o)
 .text.exit     0x00000000       0x28 c:/program files (x86)/atmel/studio/7.0/toolchain/arm/arm-gnu-toolchain/bin/../lib/gcc/arm-none-eabi/6.3.1/../../../../arm-none-eabi/lib/thumb/v8-m.base\libc_nano.a(lib_a-exit.o)
 .debug_frame   0x00000000       0x28 c:/program files (x86)/atmel/studio/7.0/toolchain/arm/arm-gnu-toolchain/bin/../lib/gcc/arm-none-eabi/6.3.1/../../../../arm-none-eabi/lib/thumb/v8-m.base\libc_nano.a(lib_a-exit.o)
 .ARM.attributes
                0x00000000       0x30 c:/program files (x86)/atmel/studio/7.0/toolchain/arm/arm-gnu-toolchain/bin/../lib/gcc/arm-none-eabi/6.3.1/../../../../arm-none-eabi/lib/thumb/v8-m.base\libc_nano.a(lib_a-exit.o)
 .text          0x00000000        0x0 c:/program files (x86)/atmel/studio/7.0/toolchain/arm/arm-gnu-toolchain/bin/../lib/gcc/arm-none-eabi/6.3.1/../../../../arm-none-eabi/lib/thumb/v8-m.base\libc_nano.a(lib_a-impure.o)
 .data          0x00000000        0x0 c:/program files (x86)/atmel/studio/7.0/toolchain/arm/arm-gnu-toolchain/bin/../lib/gcc/arm-none-eabi/6.3.1/../../../../arm-none-eabi/lib/thumb/v8-m.base\libc_nano.a(lib_a-impure.o)
 .bss           0x00000000        0x0 c:/program files (x86)/atmel/studio/7.0/toolchain/arm/arm-gnu-toolchain/bin/../lib/gcc/arm-none-eabi/6.3.1/../../../../arm-none-eabi/lib/thumb/v8-m.base\libc_nano.a(lib_a-impure.o)
 .data._impure_ptr
                0x00000000        0x4 c:/program files (x86)/atmel/studio/7.0/toolchain/arm/arm-gnu-toolchain/bin/../lib/gcc/arm-none-eabi/6.3.1/../../../../arm-none-eabi/lib/thumb/v8-m.base\libc_nano.a(lib_a-impure.o)
 .data.impure_data
                0x00000000       0x60 c:/program files (x86)/atmel/studio/7.0/toolchain/arm/arm-gnu-toolchain/bin/../lib/gcc/arm-none-eabi/6.3.1/../../../../arm-none-eabi/lib/thumb/v8-m.base\libc_nano.a(lib_a-impure.o)
 .rodata._global_impure_ptr
                0x00000000        0x4 c:/program files (x86)/atmel/studio/7.0/toolchain/arm/arm-gnu-toolchain/bin/../lib/gcc/arm-none-eabi/6.3.1/../../../../arm-none-eabi/lib/thumb/v8-m.base\libc_nano.a(lib_a-impure.o)
 .ARM.attributes
                0x00000000       0x30 c:/program files (x86)/atmel/studio/7.0/toolchain/arm/arm-gnu-toolchain/bin/../lib/gcc/arm-none-eabi/6.3.1/../../../../arm-none-eabi/lib/thumb/v8-m.base\libc_nano.a(lib_a-impure.o)
 .text          0x00000000        0x0 c:/program files (x86)/atmel/studio/7.0/toolchain/arm/arm-gnu-toolchain/bin/../lib/gcc/arm-none-eabi/6.3.1/../../../../arm-none-eabi/lib/thumb/v8-m.base\libc_nano.a(lib_a-init.o)
 .data          0x00000000        0x0 c:/program files (x86)/atmel/studio/7.0/toolchain/arm/arm-gnu-toolchain/bin/../lib/gcc/arm-none-eabi/6.3.1/../../../../arm-none-eabi/lib/thumb/v8-m.base\libc_nano.a(lib_a-init.o)
 .bss           0x00000000        0x0 c:/program files (x86)/atmel/studio/7.0/toolchain/arm/arm-gnu-toolchain/bin/../lib/gcc/arm-none-eabi/6.3.1/../../../../arm-none-eabi/lib/thumb/v8-m.base\libc_nano.a(lib_a-init.o)
 .text          0x00000000        0x0 c:/program files (x86)/atmel/studio/7.0/toolchain/arm/arm-gnu-toolchain/bin/../lib/gcc/arm-none-eabi/6.3.1/../../../../arm-none-eabi/lib/thumb/v8-m.base\libc_nano.a(lib_a-memset.o)
 .data          0x00000000        0x0 c:/program files (x86)/atmel/studio/7.0/toolchain/arm/arm-gnu-toolchain/bin/../lib/gcc/arm-none-eabi/6.3.1/../../../../arm-none-eabi/lib/thumb/v8-m.base\libc_nano.a(lib_a-memset.o)
 .bss           0x00000000        0x0 c:/program files (x86)/atmel/studio/7.0/toolchain/arm/arm-gnu-toolchain/bin/../lib/gcc/arm-none-eabi/6.3.1/../../../../arm-none-eabi/lib/thumb/v8-m.base\libc_nano.a(lib_a-memset.o)
 .text.memset   0x00000000       0x10 c:/program files (x86)/atmel/studio/7.0/toolchain/arm/arm-gnu-toolchain/bin/../lib/gcc/arm-none-eabi/6.3.1/../../../../arm-none-eabi/lib/thumb/v8-m.base\libc_nano.a(lib_a-memset.o)
 .debug_frame   0x00000000       0x20 c:/program files (x86)/atmel/studio/7.0/toolchain/arm/arm-gnu-toolchain/bin/../lib/gcc/arm-none-eabi/6.3.1/../../../../arm-none-eabi/lib/thumb/v8-m.base\libc_nano.a(lib_a-memset.o)
 .ARM.attributes
                0x00000000       0x30 c:/program files (x86)/atmel/studio/7.0/toolchain/arm/arm-gnu-toolchain/bin/../lib/gcc/arm-none-eabi/6.3.1/../../../../arm-none-eabi/lib/thumb/v8-m.base\libc_nano.a(lib_a-memset.o)
 .text          0x00000000        0x0 c:/program files (x86)/atmel/studio/7.0/toolchain/arm/arm-gnu-toolchain/bin/../lib/gcc/arm-none-eabi/6.3.1/../../../../arm-none-eabi/lib/thumb/v8-m.base\libnosys.a(_exit.o)
 .data          0x00000000        0x0 c:/program files (x86)/atmel/studio/7.0/toolchain/arm/arm-gnu-toolchain/bin/../lib/gcc/arm-none-eabi/6.3.1/../../../../arm-none-eabi/lib/thumb/v8-m.base\libnosys.a(_exit.o)
 .bss           0x00000000        0x0 c:/program files (x86)/atmel/studio/7.0/toolchain/arm/arm-gnu-toolchain/bin/../lib/gcc/arm-none-eabi/6.3.1/../../../../arm-none-eabi/lib/thumb/v8-m.base\libnosys.a(_exit.o)
 .text._exit    0x00000000        0x4 c:/program files (x86)/atmel/studio/7.0/toolchain/arm/arm-gnu-toolchain/bin/../lib/gcc/arm-none-eabi/6.3.1/../../../../arm-none-eabi/lib/thumb/v8-m.base\libnosys.a(_exit.o)
 .debug_frame   0x00000000       0x20 c:/program files (x86)/atmel/studio/7.0/toolchain/arm/arm-gnu-toolchain/bin/../lib/gcc/arm-none-eabi/6.3.1/../../../../arm-none-eabi/lib/thumb/v8-m.base\libnosys.a(_exit.o)
 .ARM.attributes
                0x00000000       0x30 c:/program files (x86)/atmel/studio/7.0/toolchain/arm/arm-gnu-toolchain/bin/../lib/gcc/arm-none-eabi/6.3.1/../../../../arm-none-eabi/lib/thumb/v8-m.base\libnosys.a(_exit.o)
 .text          0x00000000        0x0 c:/program files (x86)/atmel/studio/7.0/toolchain/arm/arm-gnu-toolchain/bin/../lib/gcc/arm-none-eabi/6.3.1/thumb/v8-m.base/crtend.o
 .data          0x00000000        0x0 c:/program files (x86)/atmel/studio/7.0/toolchain/arm/arm-gnu-toolchain/bin/../lib/gcc/arm-none-eabi/6.3.1/thumb/v8-m.base/crtend.o
 .bss           0x00000000        0x0 c:/program files (x86)/atmel/studio/7.0/toolchain/arm/arm-gnu-toolchain/bin/../lib/gcc/arm-none-eabi/6.3.1/thumb/v8-m.base/crtend.o
 .eh_frame      0x00000000        0x4 c:/program files (x86)/atmel/studio/7.0/toolchain/arm/arm-gnu-toolchain/bin/../lib/gcc/arm-none-eabi/6.3.1/thumb/v8-m.base/crtend.o
 .jcr           0x00000000        0x4 c:/program files (x86)/atmel/studio/7.0/toolchain/arm/arm-gnu-toolchain/bin/../lib/gcc/arm-none-eabi/6.3.1/thumb/v8-m.base/crtend.o
 .ARM.attributes
                0x00000000       0x30 c:/program files (x86)/atmel/studio/7.0/toolchain/arm/arm-gnu-toolchain/bin/../lib/gcc/arm-none-eabi/6.3.1/thumb/v8-m.base/crtend.o
 .text          0x00000000        0x0 c:/program files (x86)/atmel/studio/7.0/toolchain/arm/arm-gnu-toolchain/bin/../lib/gcc/arm-none-eabi/6.3.1/thumb/v8-m.base/crtn.o
 .data          0x00000000        0x0 c:/program files (x86)/atmel/studio/7.0/toolchain/arm/arm-gnu-toolchain/bin/../lib/gcc/arm-none-eabi/6.3.1/thumb/v8-m.base/crtn.o
 .bss           0x00000000        0x0 c:/program files (x86)/atmel/studio/7.0/toolchain/arm/arm-gnu-toolchain/bin/../lib/gcc/arm-none-eabi/6.3.1/thumb/v8-m.base/crtn.o

Memory Configuration

Name             Origin             Length             Attributes
rom              0x00008000         0x00008000         xr
ram              0x20002000         0x00002000         xrw
*default*        0x00000000         0xffffffff

Linker script and memory map

LOAD c:/program files (x86)/atmel/studio/7.0/toolchain/arm/arm-gnu-toolchain/bin/../lib/gcc/arm-none-eabi/6.3.1/thumb/v8-m.base/crti.o
LOAD c:/program files (x86)/atmel/studio/7.0/toolchain/arm/arm-gnu-toolchain/bin/../lib/gcc/arm-none-eabi/6.3.1/thumb/v8-m.base/crtbegin.o
LOAD c:/program files (x86)/atmel/studio/7.0/toolchain/arm/arm-gnu-toolchain/bin/../lib/gcc/arm-none-eabi/6.3.1/../../../../arm-none-eabi/lib/thumb/v8-m.base/crt0.o
LOAD Device_Startup/startup_saml11e16a.o
LOAD Device_Startup/system_saml11e16a.o
LOAD main.o
START GROUP
LOAD c:/program files (x86)/atmel/studio/7.0/toolchain/arm/arm-gnu-toolchain/bin/../lib/gcc/arm-none-eabi/6.3.1/../../../../arm-none-eabi/lib/thumb/v8-m.base\libm.a
LOAD ..\..\SecureApp\Debug/secureapp-gateway-veneer.lib
END GROUP
START GROUP
LOAD c:/program files (x86)/atmel/studio/7.0/toolchain/arm/arm-gnu-toolchain/bin/../lib/gcc/arm-none-eabi/6.3.1/thumb/v8-m.base\libgcc.a
LOAD c:/program files (x86)/atmel/studio/7.0/toolchain/arm/arm-gnu-toolchain/bin/../lib/gcc/arm-none-eabi/6.3.1/../../../../arm-none-eabi/lib/thumb/v8-m.base\libc_nano.a
END GROUP
START GROUP
LOAD c:/program files (x86)/atmel/studio/7.0/toolchain/arm/arm-gnu-toolchain/bin/../lib/gcc/arm-none-eabi/6.3.1/thumb/v8-m.base\libgcc.a
LOAD c:/program files (x86)/atmel/studio/7.0/toolchain/arm/arm-gnu-toolchain/bin/../lib/gcc/arm-none-eabi/6.3.1/../../../../arm-none-eabi/lib/thumb/v8-m.base\libc_nano.a
LOAD c:/program files (x86)/atmel/studio/7.0/toolchain/arm/arm-gnu-toolchain/bin/../lib/gcc/arm-none-eabi/6.3.1/../../../../arm-none-eabi/lib/thumb/v8-m.base\libnosys.a
END GROUP
START GROUP
LOAD c:/program files (x86)/atmel/studio/7.0/toolchain/arm/arm-gnu-toolchain/bin/../lib/gcc/arm-none-eabi/6.3.1/thumb/v8-m.base\libgcc.a
LOAD c:/program files (x86)/atmel/studio/7.0/toolchain/arm/arm-gnu-toolchain/bin/../lib/gcc/arm-none-eabi/6.3.1/../../../../arm-none-eabi/lib/thumb/v8-m.base\libc_nano.a
LOAD c:/program files (x86)/atmel/studio/7.0/toolchain/arm/arm-gnu-toolchain/bin/../lib/gcc/arm-none-eabi/6.3.1/../../../../arm-none-eabi/lib/thumb/v8-m.base\libnosys.a
END GROUP
LOAD c:/program files (x86)/atmel/studio/7.0/toolchain/arm/arm-gnu-toolchain/bin/../lib/gcc/arm-none-eabi/6.3.1/thumb/v8-m.base/crtend.o
LOAD c:/program files (x86)/atmel/studio/7.0/toolchain/arm/arm-gnu-toolchain/bin/../lib/gcc/arm-none-eabi/6.3.1/thumb/v8-m.base/crtn.o
                0x00000400                STACK_SIZE = DEFINED (STACK_SIZE)?STACK_SIZE:DEFINED (__stack_size__)?__stack_size__:0x400
                0x00000200                HEAP_SIZE = DEFINED (HEAP_SIZE)?HEAP_SIZE:DEFINED (__heap_size__)?__heap_size__:0x200

.text           0x00008000      0x2a8
                0x00008000                . = ALIGN (0x4)
                0x00008000                _sfixed = .
 *(.vectors .vectors.*)
 .vectors       0x00008000       0xf4 Device_Startup/startup_saml11e16a.o
                0x00008000                exception_table
 *(.text .text.* .gnu.linkonce.t.*)
 .text          0x000080f4       0x6c c:/program files (x86)/atmel/studio/7.0/toolchain/arm/arm-gnu-toolchain/bin/../lib/gcc/arm-none-eabi/6.3.1/thumb/v8-m.base/crtbegin.o
 .text.Dummy_Handler
                0x00008160        0x2 Device_Startup/startup_saml11e16a.o
                0x00008160                SVCall_Handler
                0x00008160                SERCOM0_2_Handler
                0x00008160                EVSYS_0_Handler
                0x00008160                TRNG_Handler
                0x00008160                HardFault_Handler
                0x00008160                ADC_RESRDY_Handler
                0x00008160                TC2_Handler
                0x00008160                AC_Handler
                0x00008160                DMAC_OTHER_Handler
                0x00008160                SysTick_Handler
                0x00008160                PendSV_Handler
                0x00008160                EVSYS_3_Handler
                0x00008160                NonMaskableInt_Handler
                0x00008160                SERCOM0_OTHER_Handler
                0x00008160                EIC_3_Handler
                0x00008160                SERCOM0_0_Handler
                0x00008160                RTC_Handler
                0x00008160                SERCOM1_OTHER_Handler
                0x00008160                EVSYS_1_Handler
                0x00008160                DMAC_0_Handler
                0x00008160                WDT_Handler
                0x00008160                TRAM_Handler
                0x00008160                EVSYS_NSCHK_Handler
                0x00008160                TC1_Handler
                0x00008160                DAC_EMPTY_Handler
                0x00008160                PAC_Handler
                0x00008160                EIC_0_Handler
                0x00008160                Dummy_Handler
                0x00008160                DMAC_2_Handler
                0x00008160                SERCOM0_1_Handler
                0x00008160                DMAC_1_Handler
                0x00008160                SERCOM1_1_Handler
                0x00008160                EIC_2_Handler
                0x00008160                NVMCTRL_Handler
                0x00008160                PORT_Handler
                0x00008160                SYSTEM_Handler
                0x00008160                SERCOM1_0_Handler
                0x00008160                SERCOM2_1_Handler
                0x00008160                SERCOM1_2_Handler
                0x00008160                EIC_1_Handler
                0x00008160                SERCOM2_2_Handler
                0x00008160                PTC_Handler
                0x00008160                EVSYS_2_Handler
                0x00008160                SERCOM2_OTHER_Handler
                0x00008160                FREQM_Handler
                0x00008160                DAC_UNDERRUN_A_Handler
                0x00008160                TC0_Handler
                0x00008160                EIC_OTHER_Handler
                0x00008160                ADC_OTHER_Handler
                0x00008160                DMAC_3_Handler
                0x00008160                SERCOM2_0_Handler
 *fill*         0x00008162        0x2 
 .text.Reset_Handler
                0x00008164       0xc4 Device_Startup/startup_saml11e16a.o
                0x00008164                Reset_Handler
 .text.main     0x00008228        0xe main.o
                0x00008228                main
 *fill*         0x00008236        0x2 
 .text.__libc_init_array
                0x00008238       0x50 c:/program files (x86)/atmel/studio/7.0/toolchain/arm/arm-gnu-toolchain/bin/../lib/gcc/arm-none-eabi/6.3.1/../../../../arm-none-eabi/lib/thumb/v8-m.base\libc_nano.a(lib_a-init.o)
                0x00008238                __libc_init_array
 *(.glue_7t)
 .glue_7t       0x00008288        0x0 linker stubs
 *(.glue_7)
 .glue_7        0x00008288        0x0 linker stubs
 *(.rodata .rodata* .gnu.linkonce.r.*)
 *(.ARM.extab* .gnu.linkonce.armextab.*)
                0x00008288                . = ALIGN (0x4)
 *(.init)
 .init          0x00008288        0x4 c:/program files (x86)/atmel/studio/7.0/toolchain/arm/arm-gnu-toolchain/bin/../lib/gcc/arm-none-eabi/6.3.1/thumb/v8-m.base/crti.o
                0x00008288                _init
 .init          0x0000828c        0x8 c:/program files (x86)/atmel/studio/7.0/toolchain/arm/arm-gnu-toolchain/bin/../lib/gcc/arm-none-eabi/6.3.1/thumb/v8-m.base/crtn.o
                0x00008294                . = ALIGN (0x4)
                0x00008294                __preinit_array_start = .
 *(.preinit_array)
                0x00008294                __preinit_array_end = .
                0x00008294                . = ALIGN (0x4)
                0x00008294                __init_array_start = .
 *(SORT(.init_array.*))
 *(.init_array)
 .init_array    0x00008294        0x4 c:/program files (x86)/atmel/studio/7.0/toolchain/arm/arm-gnu-toolchain/bin/../lib/gcc/arm-none-eabi/6.3.1/thumb/v8-m.base/crtbegin.o
                0x00008298                __init_array_end = .
                0x00008298                . = ALIGN (0x4)
 *crtbegin.o(.ctors)
 *(EXCLUDE_FILE(*crtend.o) .ctors)
 *(SORT(.ctors.*))
 *crtend.o(.ctors)
                0x00008298                . = ALIGN (0x4)
 *(.fini)
 .fini          0x00008298        0x4 c:/program files (x86)/atmel/studio/7.0/toolchain/arm/arm-gnu-toolchain/bin/../lib/gcc/arm-none-eabi/6.3.1/thumb/v8-m.base/crti.o
                0x00008298                _fini
 .fini          0x0000829c        0x8 c:/program files (x86)/atmel/studio/7.0/toolchain/arm/arm-gnu-toolchain/bin/../lib/gcc/arm-none-eabi/6.3.1/thumb/v8-m.base/crtn.o
                0x000082a4                . = ALIGN (0x4)
                0x000082a4                __fini_array_start = .
 *(.fini_array)
 .fini_array    0x000082a4        0x4 c:/program files (x86)/atmel/studio/7.0/toolchain/arm/arm-gnu-toolchain/bin/../lib/gcc/arm-none-eabi/6.3.1/thumb/v8-m.base/crtbegin.o
 *(SORT(.fini_array.*))
                0x000082a8                __fini_array_end = .
 *crtbegin.o(.dtors)
 *(EXCLUDE_FILE(*crtend.o) .dtors)
 *(SORT(.dtors.*))
 *crtend.o(.dtors)
                0x000082a8                . = ALIGN (0x4)
                0x000082a8                _efixed = .
                [!provide]                PROVIDE (__exidx_start, .)

.vfp11_veneer   0x000082a8        0x0
 .vfp11_veneer  0x000082a8        0x0 linker stubs

.v4_bx          0x000082a8        0x0
 .v4_bx         0x000082a8        0x0 linker stubs

.iplt           0x000082a8        0x0
 .iplt          0x000082a8        0x0 c:/program files (x86)/atmel/studio/7.0/toolchain/arm/arm-gnu-toolchain/bin/../lib/gcc/arm-none-eabi/6.3.1/thumb/v8-m.base/crtbegin.o

.eh_frame       0x000082a8        0x0
 .eh_frame      0x000082a8        0x0 c:/program files (x86)/atmel/studio/7.0/toolchain/arm/arm-gnu-toolchain/bin/../lib/gcc/arm-none-eabi/6.3.1/thumb/v8-m.base/crtbegin.o

.rel.dyn        0x000082a8        0x0
 .rel.iplt      0x000082a8        0x0 c:/program files (x86)/atmel/studio/7.0/toolchain/arm/arm-gnu-toolchain/bin/../lib/gcc/arm-none-eabi/6.3.1/thumb/v8-m.base/crtbegin.o

.jcr            0x000082a8        0x0
 .jcr           0x000082a8        0x0 c:/program files (x86)/atmel/studio/7.0/toolchain/arm/arm-gnu-toolchain/bin/../lib/gcc/arm-none-eabi/6.3.1/thumb/v8-m.base/crtbegin.o

.igot.plt       0x000082a8        0x0
 .igot.plt      0x000082a8        0x0 c:/program files (x86)/atmel/studio/7.0/toolchain/arm/arm-gnu-toolchain/bin/../lib/gcc/arm-none-eabi/6.3.1/thumb/v8-m.base/crtbegin.o

.ARM.exidx
 *(.ARM.exidx* .gnu.linkonce.armexidx.*)
                [!provide]                PROVIDE (__exidx_end, .)
                0x000082a8                . = ALIGN (0x4)
                0x000082a8                _etext = .

.relocate       0x20002000        0x0 load address 0x000082a8
                0x20002000                . = ALIGN (0x4)
                0x20002000                _srelocate = .
 *(.ramfunc .ramfunc.*)
 *(.data .data.*)
                0x20002000                . = ALIGN (0x4)
                0x20002000                _erelocate = .

.bss            0x20002000       0x1c
                0x20002000                . = ALIGN (0x4)
                0x20002000                _sbss = .
                0x20002000                _szero = .
 *(.bss .bss.*)
 .bss           0x20002000       0x1c c:/program files (x86)/atmel/studio/7.0/toolchain/arm/arm-gnu-toolchain/bin/../lib/gcc/arm-none-eabi/6.3.1/thumb/v8-m.base/crtbegin.o
 *(COMMON)
                0x2000201c                . = ALIGN (0x4)
                0x2000201c                _ebss = .
                0x2000201c                _ezero = .

.heap           0x2000201c      0x204
                0x20002020                . = ALIGN (0x8)
 *fill*         0x2000201c        0x4 
                0x20002020                _sheap = .
                0x20002220                . = (. + HEAP_SIZE)
 *fill*         0x20002020      0x200 
                0x20002220                . = ALIGN (0x8)
                0x20002220                _eheap = .

.stack          0x20002220      0x400
                0x20002220                . = ALIGN (0x8)
                0x20002220                _sstack = .
                0x20002620                . = (. + STACK_SIZE)
 *fill*         0x20002220      0x400 
                0x20002620                . = ALIGN (0x8)
                0x20002620                _estack = .
                0x20002620                . = ALIGN (0x4)
                0x20002620                _end = .
                0x20003fff                _ram_end_ = ((ORIGIN (ram) + LENGTH (ram)) - 0x1)
OUTPUT(NonSecureApp.elf elf32-littlearm)

.ARM.attributes
                0x00000000       0x2c
 .ARM.attributes
                0x00000000       0x22 c:/program files (x86)/atmel/studio/7.0/toolchain/arm/arm-gnu-toolchain/bin/../lib/gcc/arm-none-eabi/6.3.1/thumb/v8-m.base/crti.o
 .ARM.attributes
                0x00000022       0x30 c:/program files (x86)/atmel/studio/7.0/toolchain/arm/arm-gnu-toolchain/bin/../lib/gcc/arm-none-eabi/6.3.1/thumb/v8-m.base/crtbegin.o
 .ARM.attributes
                0x00000052       0x32 Device_Startup/startup_saml11e16a.o
 .ARM.attributes
                0x00000084       0x32 main.o
 .ARM.attributes
                0x000000b6       0x30 c:/program files (x86)/atmel/studio/7.0/toolchain/arm/arm-gnu-toolchain/bin/../lib/gcc/arm-none-eabi/6.3.1/../../../../arm-none-eabi/lib/thumb/v8-m.base\libc_nano.a(lib_a-init.o)
 .ARM.attributes
                0x000000e6       0x22 c:/program files (x86)/atmel/studio/7.0/toolchain/arm/arm-gnu-toolchain/bin/../lib/gcc/arm-none-eabi/6.3.1/thumb/v8-m.base/crtn.o

.comment        0x00000000       0x59
 .comment       0x00000000       0x59 Device_Startup/startup_saml11e16a.o
                                 0x5a (size before relaxing)
 .comment       0x00000059       0x5a main.o

.debug_info     0x00000000      0x6c7
 .debug_info    0x00000000      0x5f4 Device_Startup/startup_saml11e16a.o
 .debug_info    0x000005f4       0xd3 main.o

.debug_abbrev   0x00000000      0x1d5
 .debug_abbrev  0x00000000      0x14f Device_Startup/startup_saml11e16a.o
 .debug_abbrev  0x0000014f       0x86 main.o

.debug_loc      0x00000000       0x60
 .debug_loc     0x00000000       0x40 Device_Startup/startup_saml11e16a.o
 .debug_loc     0x00000040       0x20 main.o

.debug_aranges  0x00000000       0x48
 .debug_aranges
                0x00000000       0x28 Device_Startup/startup_saml11e16a.o
 .debug_aranges
                0x00000028       0x20 main.o

.debug_ranges   0x00000000       0x28
 .debug_ranges  0x00000000       0x18 Device_Startup/startup_saml11e16a.o
 .debug_ranges  0x00000018       0x10 main.o

.debug_macro    0x00000000    0x1377f
 .debug_macro   0x00000000      0x30b Device_Startup/startup_saml11e16a.o
 .debug_macro   0x0000030b      0x8b6 Device_Startup/startup_saml11e16a.o
 .debug_macro   0x00000bc1       0x22 Device_Startup/startup_saml11e16a.o
 .debug_macro   0x00000be3       0x87 Device_Startup/startup_saml11e16a.o
 .debug_macro   0x00000c6a       0x51 Device_Startup/startup_saml11e16a.o
 .debug_macro   0x00000cbb       0xef Device_Startup/startup_saml11e16a.o
 .debug_macro   0x00000daa       0x6a Device_Startup/startup_saml11e16a.o
 .debug_macro   0x00000e14      0x1df Device_Startup/startup_saml11e16a.o
 .debug_macro   0x00000ff3       0xc3 Device_Startup/startup_saml11e16a.o
 .debug_macro   0x000010b6       0x28 Device_Startup/startup_saml11e16a.o
 .debug_macro   0x000010de       0x85 Device_Startup/startup_saml11e16a.o
 .debug_macro   0x00001163      0x9aa Device_Startup/startup_saml11e16a.o
 .debug_macro   0x00001b0d      0x894 Device_Startup/startup_saml11e16a.o
 .debug_macro   0x000023a1      0xb83 Device_Startup/startup_saml11e16a.o
 .debug_macro   0x00002f24      0x3e0 Device_Startup/startup_saml11e16a.o
 .debug_macro   0x00003304      0x373 Device_Startup/startup_saml11e16a.o
 .debug_macro   0x00003677      0xf2c Device_Startup/startup_saml11e16a.o
 .debug_macro   0x000045a3      0x834 Device_Startup/startup_saml11e16a.o
 .debug_macro   0x00004dd7      0x814 Device_Startup/startup_saml11e16a.o
 .debug_macro   0x000055eb      0xbf2 Device_Startup/startup_saml11e16a.o
 .debug_macro   0x000061dd      0x20d Device_Startup/startup_saml11e16a.o
 .debug_macro   0x000063ea      0x2b1 Device_Startup/startup_saml11e16a.o
 .debug_macro   0x0000669b      0x113 Device_Startup/startup_saml11e16a.o
 .debug_macro   0x000067ae      0x532 Device_Startup/startup_saml11e16a.o
 .debug_macro   0x00006ce0      0xfd0 Device_Startup/startup_saml11e16a.o
 .debug_macro   0x00007cb0      0x267 Device_Startup/startup_saml11e16a.o
 .debug_macro   0x00007f17      0xb82 Device_Startup/startup_saml11e16a.o
 .debug_macro   0x00008a99      0x370 Device_Startup/startup_saml11e16a.o
 .debug_macro   0x00008e09      0xe6d Device_Startup/startup_saml11e16a.o
 .debug_macro   0x00009c76      0x292 Device_Startup/startup_saml11e16a.o
 .debug_macro   0x00009f08      0x5b7 Device_Startup/startup_saml11e16a.o
 .debug_macro   0x0000a4bf       0x1c Device_Startup/startup_saml11e16a.o
 .debug_macro   0x0000a4db       0x9a Device_Startup/startup_saml11e16a.o
 .debug_macro   0x0000a575     0x231e Device_Startup/startup_saml11e16a.o
 .debug_macro   0x0000c893     0x15b1 Device_Startup/startup_saml11e16a.o
 .debug_macro   0x0000de44      0x9c1 Device_Startup/startup_saml11e16a.o
 .debug_macro   0x0000e805      0xbee Device_Startup/startup_saml11e16a.o
 .debug_macro   0x0000f3f3      0x2b4 Device_Startup/startup_saml11e16a.o
 .debug_macro   0x0000f6a7      0x13d Device_Startup/startup_saml11e16a.o
 .debug_macro   0x0000f7e4      0x41d Device_Startup/startup_saml11e16a.o
 .debug_macro   0x0000fc01       0x88 Device_Startup/startup_saml11e16a.o
 .debug_macro   0x0000fc89       0xb2 Device_Startup/startup_saml11e16a.o
 .debug_macro   0x0000fd3b       0x46 Device_Startup/startup_saml11e16a.o
 .debug_macro   0x0000fd81       0x5e Device_Startup/startup_saml11e16a.o
 .debug_macro   0x0000fddf       0xdc Device_Startup/startup_saml11e16a.o
 .debug_macro   0x0000febb       0xe8 Device_Startup/startup_saml11e16a.o
 .debug_macro   0x0000ffa3       0x94 Device_Startup/startup_saml11e16a.o
 .debug_macro   0x00010037      0x2a2 Device_Startup/startup_saml11e16a.o
 .debug_macro   0x000102d9       0x52 Device_Startup/startup_saml11e16a.o
 .debug_macro   0x0001032b       0xf4 Device_Startup/startup_saml11e16a.o
 .debug_macro   0x0001041f       0xbe Device_Startup/startup_saml11e16a.o
 .debug_macro   0x000104dd       0x52 Device_Startup/startup_saml11e16a.o
 .debug_macro   0x0001052f       0xe2 Device_Startup/startup_saml11e16a.o
 .debug_macro   0x00010611       0x3a Device_Startup/startup_saml11e16a.o
 .debug_macro   0x0001064b       0xb8 Device_Startup/startup_saml11e16a.o
 .debug_macro   0x00010703       0x4c Device_Startup/startup_saml11e16a.o
 .debug_macro   0x0001074f       0x82 Device_Startup/startup_saml11e16a.o
 .debug_macro   0x000107d1       0x46 Device_Startup/startup_saml11e16a.o
 .debug_macro   0x00010817       0xb8 Device_Startup/startup_saml11e16a.o
 .debug_macro   0x000108cf       0x34 Device_Startup/startup_saml11e16a.o
 .debug_macro   0x00010903       0x22 Device_Startup/startup_saml11e16a.o
 .debug_macro   0x00010925      0x14b Device_Startup/startup_saml11e16a.o
 .debug_macro   0x00010a70      0x189 Device_Startup/startup_saml11e16a.o
 .debug_macro   0x00010bf9      0x189 Device_Startup/startup_saml11e16a.o
 .debug_macro   0x00010d82      0x189 Device_Startup/startup_saml11e16a.o
 .debug_macro   0x00010f0b       0x58 Device_Startup/startup_saml11e16a.o
 .debug_macro   0x00010f63      0x11f Device_Startup/startup_saml11e16a.o
 .debug_macro   0x00011082      0x11f Device_Startup/startup_saml11e16a.o
 .debug_macro   0x000111a1      0x11f Device_Startup/startup_saml11e16a.o
 .debug_macro   0x000112c0      0x209 Device_Startup/startup_saml11e16a.o
 .debug_macro   0x000114c9       0x34 Device_Startup/startup_saml11e16a.o
 .debug_macro   0x000114fd       0x40 Device_Startup/startup_saml11e16a.o
 .debug_macro   0x0001153d      0x384 Device_Startup/startup_saml11e16a.o
 .debug_macro   0x000118c1     0x1884 Device_Startup/startup_saml11e16a.o
 .debug_macro   0x00013145      0x31b Device_Startup/startup_saml11e16a.o
 .debug_macro   0x00013460      0x31f main.o

.debug_line     0x00000000      0xd9e
 .debug_line    0x00000000      0x6d5 Device_Startup/startup_saml11e16a.o
 .debug_line    0x000006d5      0x6c9 main.o

.debug_str      0x00000000    0x7ddd6
 .debug_str     0x00000000    0x7dda2 Device_Startup/startup_saml11e16a.o
                              0x7e218 (size before relaxing)
 .debug_str     0x0007dda2       0x34 main.o
                              0x7dcf0 (size before relaxing)

.debug_frame    0x00000000       0x8c
 .debug_frame   0x00000000       0x38 Device_Startup/startup_saml11e16a.o
 .debug_frame   0x00000038       0x28 main.o
 .debug_frame   0x00000060       0x2c c:/program files (x86)/atmel/studio/7.0/toolchain/arm/arm-gnu-toolchain/bin/../lib/gcc/arm-none-eabi/6.3.1/../../../../arm-none-eabi/lib/thumb/v8-m.base\libc_nano.a(lib_a-init.o)
