Archive member included to satisfy reference by file (symbol)

c:/program files (x86)/atmel/studio/7.0/toolchain/arm/arm-gnu-toolchain/bin/../lib/gcc/arm-none-eabi/6.3.1/thumb/v8-m.base\libgcc.a(cmse_nonsecure_call.o)
                              main.o (__gnu_cmse_nonsecure_call)
c:/program files (x86)/atmel/studio/7.0/toolchain/arm/arm-gnu-toolchain/bin/../lib/gcc/arm-none-eabi/6.3.1/../../../../arm-none-eabi/lib/thumb/v8-m.base\libc_nano.a(lib_a-exit.o)
                              c:/program files (x86)/atmel/studio/7.0/toolchain/arm/arm-gnu-toolchain/bin/../lib/gcc/arm-none-eabi/6.3.1/../../../../arm-none-eabi/lib/thumb/v8-m.base/crt0.o (exit)
c:/program files (x86)/atmel/studio/7.0/toolchain/arm/arm-gnu-toolchain/bin/../lib/gcc/arm-none-eabi/6.3.1/../../../../arm-none-eabi/lib/thumb/v8-m.base\libc_nano.a(lib_a-impure.o)
                              c:/program files (x86)/atmel/studio/7.0/toolchain/arm/arm-gnu-toolchain/bin/../lib/gcc/arm-none-eabi/6.3.1/../../../../arm-none-eabi/lib/thumb/v8-m.base\libc_nano.a(lib_a-exit.o) (_global_impure_ptr)
c:/program files (x86)/atmel/studio/7.0/toolchain/arm/arm-gnu-toolchain/bin/../lib/gcc/arm-none-eabi/6.3.1/../../../../arm-none-eabi/lib/thumb/v8-m.base\libc_nano.a(lib_a-init.o)
                              c:/program files (x86)/atmel/studio/7.0/toolchain/arm/arm-gnu-toolchain/bin/../lib/gcc/arm-none-eabi/6.3.1/../../../../arm-none-eabi/lib/thumb/v8-m.base/crt0.o (__libc_init_array)
c:/program files (x86)/atmel/studio/7.0/toolchain/arm/arm-gnu-toolchain/bin/../lib/gcc/arm-none-eabi/6.3.1/../../../../arm-none-eabi/lib/thumb/v8-m.base\libc_nano.a(lib_a-memset.o)
                              c:/program files (x86)/atmel/studio/7.0/toolchain/arm/arm-gnu-toolchain/bin/../lib/gcc/arm-none-eabi/6.3.1/../../../../arm-none-eabi/lib/thumb/v8-m.base/crt0.o (memset)
c:/program files (x86)/atmel/studio/7.0/toolchain/arm/arm-gnu-toolchain/bin/../lib/gcc/arm-none-eabi/6.3.1/../../../../arm-none-eabi/lib/thumb/v8-m.base\libnosys.a(_exit.o)
                              c:/program files (x86)/atmel/studio/7.0/toolchain/arm/arm-gnu-toolchain/bin/../lib/gcc/arm-none-eabi/6.3.1/../../../../arm-none-eabi/lib/thumb/v8-m.base\libc_nano.a(lib_a-exit.o) (_exit)

Discarded input sections

 .text          0x00000000        0x0 c:/program files (x86)/atmel/studio/7.0/toolchain/arm/arm-gnu-toolchain/bin/../lib/gcc/arm-none-eabi/6.3.1/thumb/v8-m.base/crti.o
 .data          0x00000000        0x0 c:/program files (x86)/atmel/studio/7.0/toolchain/arm/arm-gnu-toolchain/bin/../lib/gcc/arm-none-eabi/6.3.1/thumb/v8-m.base/crti.o
 .bss           0x00000000        0x0 c:/program files (x86)/atmel/studio/7.0/toolchain/arm/arm-gnu-toolchain/bin/../lib/gcc/arm-none-eabi/6.3.1/thumb/v8-m.base/crti.o
 .data          0x00000000        0x4 c:/program files (x86)/atmel/studio/7.0/toolchain/arm/arm-gnu-toolchain/bin/../lib/gcc/arm-none-eabi/6.3.1/thumb/v8-m.base/crtbegin.o
 .text          0x00000000       0x78 c:/program files (x86)/atmel/studio/7.0/toolchain/arm/arm-gnu-toolchain/bin/../lib/gcc/arm-none-eabi/6.3.1/../../../../arm-none-eabi/lib/thumb/v8-m.base/crt0.o
 .data          0x00000000        0x0 c:/program files (x86)/atmel/studio/7.0/toolchain/arm/arm-gnu-toolchain/bin/../lib/gcc/arm-none-eabi/6.3.1/../../../../arm-none-eabi/lib/thumb/v8-m.base/crt0.o
 .bss           0x00000000        0x0 c:/program files (x86)/atmel/studio/7.0/toolchain/arm/arm-gnu-toolchain/bin/../lib/gcc/arm-none-eabi/6.3.1/../../../../arm-none-eabi/lib/thumb/v8-m.base/crt0.o
 .ARM.extab     0x00000000        0x0 c:/program files (x86)/atmel/studio/7.0/toolchain/arm/arm-gnu-toolchain/bin/../lib/gcc/arm-none-eabi/6.3.1/../../../../arm-none-eabi/lib/thumb/v8-m.base/crt0.o
 .ARM.exidx     0x00000000        0x8 c:/program files (x86)/atmel/studio/7.0/toolchain/arm/arm-gnu-toolchain/bin/../lib/gcc/arm-none-eabi/6.3.1/../../../../arm-none-eabi/lib/thumb/v8-m.base/crt0.o
 .ARM.attributes
                0x00000000       0x20 c:/program files (x86)/atmel/studio/7.0/toolchain/arm/arm-gnu-toolchain/bin/../lib/gcc/arm-none-eabi/6.3.1/../../../../arm-none-eabi/lib/thumb/v8-m.base/crt0.o
 .group         0x00000000        0x8 Device_Startup/startup_saml11e16a.o
 .group         0x00000000        0x8 Device_Startup/startup_saml11e16a.o
 .group         0x00000000        0x8 Device_Startup/startup_saml11e16a.o
 .group         0x00000000        0x8 Device_Startup/startup_saml11e16a.o
 .group         0x00000000        0x8 Device_Startup/startup_saml11e16a.o
 .group         0x00000000        0x8 Device_Startup/startup_saml11e16a.o
 .group         0x00000000        0x8 Device_Startup/startup_saml11e16a.o
 .group         0x00000000        0x8 Device_Startup/startup_saml11e16a.o
 .group         0x00000000        0x8 Device_Startup/startup_saml11e16a.o
 .group         0x00000000        0x8 Device_Startup/startup_saml11e16a.o
 .group         0x00000000        0x8 Device_Startup/startup_saml11e16a.o
 .group         0x00000000        0x8 Device_Startup/startup_saml11e16a.o
 .group         0x00000000        0x8 Device_Startup/startup_saml11e16a.o
 .group         0x00000000        0x8 Device_Startup/startup_saml11e16a.o
 .group         0x00000000        0x8 Device_Startup/startup_saml11e16a.o
 .group         0x00000000        0x8 Device_Startup/startup_saml11e16a.o
 .group         0x00000000        0x8 Device_Startup/startup_saml11e16a.o
 .group         0x00000000        0x8 Device_Startup/startup_saml11e16a.o
 .group         0x00000000        0x8 Device_Startup/startup_saml11e16a.o
 .group         0x00000000        0x8 Device_Startup/startup_saml11e16a.o
 .group         0x00000000        0x8 Device_Startup/startup_saml11e16a.o
 .group         0x00000000        0x8 Device_Startup/startup_saml11e16a.o
 .group         0x00000000        0x8 Device_Startup/startup_saml11e16a.o
 .group         0x00000000        0x8 Device_Startup/startup_saml11e16a.o
 .group         0x00000000        0x8 Device_Startup/startup_saml11e16a.o
 .group         0x00000000        0x8 Device_Startup/startup_saml11e16a.o
 .group         0x00000000        0x8 Device_Startup/startup_saml11e16a.o
 .group         0x00000000        0x8 Device_Startup/startup_saml11e16a.o
 .group         0x00000000        0x8 Device_Startup/startup_saml11e16a.o
 .group         0x00000000        0x8 Device_Startup/startup_saml11e16a.o
 .group         0x00000000        0x8 Device_Startup/startup_saml11e16a.o
 .group         0x00000000        0x8 Device_Startup/startup_saml11e16a.o
 .group         0x00000000        0x8 Device_Startup/startup_saml11e16a.o
 .group         0x00000000        0x8 Device_Startup/startup_saml11e16a.o
 .group         0x00000000        0x8 Device_Startup/startup_saml11e16a.o
 .group         0x00000000        0x8 Device_Startup/startup_saml11e16a.o
 .group         0x00000000        0x8 Device_Startup/startup_saml11e16a.o
 .group         0x00000000        0x8 Device_Startup/startup_saml11e16a.o
 .group         0x00000000        0x8 Device_Startup/startup_saml11e16a.o
 .group         0x00000000        0x8 Device_Startup/startup_saml11e16a.o
 .group         0x00000000        0x8 Device_Startup/startup_saml11e16a.o
 .group         0x00000000        0x8 Device_Startup/startup_saml11e16a.o
 .group         0x00000000        0x8 Device_Startup/startup_saml11e16a.o
 .group         0x00000000        0x8 Device_Startup/startup_saml11e16a.o
 .group         0x00000000        0x8 Device_Startup/startup_saml11e16a.o
 .group         0x00000000        0x8 Device_Startup/startup_saml11e16a.o
 .group         0x00000000        0x8 Device_Startup/startup_saml11e16a.o
 .group         0x00000000        0x8 Device_Startup/startup_saml11e16a.o
 .group         0x00000000        0x8 Device_Startup/startup_saml11e16a.o
 .group         0x00000000        0x8 Device_Startup/startup_saml11e16a.o
 .group         0x00000000        0x8 Device_Startup/startup_saml11e16a.o
 .group         0x00000000        0x8 Device_Startup/startup_saml11e16a.o
 .group         0x00000000        0x8 Device_Startup/startup_saml11e16a.o
 .group         0x00000000        0x8 Device_Startup/startup_saml11e16a.o
 .group         0x00000000        0x8 Device_Startup/startup_saml11e16a.o
 .group         0x00000000        0x8 Device_Startup/startup_saml11e16a.o
 .group         0x00000000        0x8 Device_Startup/startup_saml11e16a.o
 .group         0x00000000        0x8 Device_Startup/startup_saml11e16a.o
 .group         0x00000000        0x8 Device_Startup/startup_saml11e16a.o
 .group         0x00000000        0x8 Device_Startup/startup_saml11e16a.o
 .group         0x00000000        0x8 Device_Startup/startup_saml11e16a.o
 .group         0x00000000        0x8 Device_Startup/startup_saml11e16a.o
 .group         0x00000000        0x8 Device_Startup/startup_saml11e16a.o
 .group         0x00000000        0x8 Device_Startup/startup_saml11e16a.o
 .group         0x00000000        0x8 Device_Startup/startup_saml11e16a.o
 .group         0x00000000        0x8 Device_Startup/startup_saml11e16a.o
 .group         0x00000000        0x8 Device_Startup/startup_saml11e16a.o
 .group         0x00000000        0x8 Device_Startup/startup_saml11e16a.o
 .group         0x00000000        0x8 Device_Startup/startup_saml11e16a.o
 .group         0x00000000        0x8 Device_Startup/startup_saml11e16a.o
 .group         0x00000000        0x8 Device_Startup/startup_saml11e16a.o
 .group         0x00000000        0x8 Device_Startup/startup_saml11e16a.o
 .group         0x00000000        0x8 Device_Startup/startup_saml11e16a.o
 .group         0x00000000        0x8 Device_Startup/startup_saml11e16a.o
 .text          0x00000000        0x0 Device_Startup/startup_saml11e16a.o
 .data          0x00000000        0x0 Device_Startup/startup_saml11e16a.o
 .bss           0x00000000        0x0 Device_Startup/startup_saml11e16a.o
 .group         0x00000000        0x8 Device_Startup/system_saml11e16a.o
 .group         0x00000000        0x8 Device_Startup/system_saml11e16a.o
 .group         0x00000000        0x8 Device_Startup/system_saml11e16a.o
 .group         0x00000000        0x8 Device_Startup/system_saml11e16a.o
 .group         0x00000000        0x8 Device_Startup/system_saml11e16a.o
 .group         0x00000000        0x8 Device_Startup/system_saml11e16a.o
 .group         0x00000000        0x8 Device_Startup/system_saml11e16a.o
 .group         0x00000000        0x8 Device_Startup/system_saml11e16a.o
 .group         0x00000000        0x8 Device_Startup/system_saml11e16a.o
 .group         0x00000000        0x8 Device_Startup/system_saml11e16a.o
 .group         0x00000000        0x8 Device_Startup/system_saml11e16a.o
 .group         0x00000000        0x8 Device_Startup/system_saml11e16a.o
 .group         0x00000000        0x8 Device_Startup/system_saml11e16a.o
 .group         0x00000000        0x8 Device_Startup/system_saml11e16a.o
 .group         0x00000000        0x8 Device_Startup/system_saml11e16a.o
 .group         0x00000000        0x8 Device_Startup/system_saml11e16a.o
 .group         0x00000000        0x8 Device_Startup/system_saml11e16a.o
 .group         0x00000000        0x8 Device_Startup/system_saml11e16a.o
 .group         0x00000000        0x8 Device_Startup/system_saml11e16a.o
 .group         0x00000000        0x8 Device_Startup/system_saml11e16a.o
 .group         0x00000000        0x8 Device_Startup/system_saml11e16a.o
 .group         0x00000000        0x8 Device_Startup/system_saml11e16a.o
 .group         0x00000000        0x8 Device_Startup/system_saml11e16a.o
 .group         0x00000000        0x8 Device_Startup/system_saml11e16a.o
 .group         0x00000000        0x8 Device_Startup/system_saml11e16a.o
 .group         0x00000000        0x8 Device_Startup/system_saml11e16a.o
 .group         0x00000000        0x8 Device_Startup/system_saml11e16a.o
 .group         0x00000000        0x8 Device_Startup/system_saml11e16a.o
 .group         0x00000000        0x8 Device_Startup/system_saml11e16a.o
 .group         0x00000000        0x8 Device_Startup/system_saml11e16a.o
 .group         0x00000000        0x8 Device_Startup/system_saml11e16a.o
 .group         0x00000000        0x8 Device_Startup/system_saml11e16a.o
 .group         0x00000000        0x8 Device_Startup/system_saml11e16a.o
 .group         0x00000000        0x8 Device_Startup/system_saml11e16a.o
 .group         0x00000000        0x8 Device_Startup/system_saml11e16a.o
 .group         0x00000000        0x8 Device_Startup/system_saml11e16a.o
 .group         0x00000000        0x8 Device_Startup/system_saml11e16a.o
 .group         0x00000000        0x8 Device_Startup/system_saml11e16a.o
 .group         0x00000000        0x8 Device_Startup/system_saml11e16a.o
 .group         0x00000000        0x8 Device_Startup/system_saml11e16a.o
 .group         0x00000000        0x8 Device_Startup/system_saml11e16a.o
 .group         0x00000000        0x8 Device_Startup/system_saml11e16a.o
 .group         0x00000000        0x8 Device_Startup/system_saml11e16a.o
 .group         0x00000000        0x8 Device_Startup/system_saml11e16a.o
 .group         0x00000000        0x8 Device_Startup/system_saml11e16a.o
 .group         0x00000000        0x8 Device_Startup/system_saml11e16a.o
 .group         0x00000000        0x8 Device_Startup/system_saml11e16a.o
 .group         0x00000000        0x8 Device_Startup/system_saml11e16a.o
 .group         0x00000000        0x8 Device_Startup/system_saml11e16a.o
 .group         0x00000000        0x8 Device_Startup/system_saml11e16a.o
 .group         0x00000000        0x8 Device_Startup/system_saml11e16a.o
 .group         0x00000000        0x8 Device_Startup/system_saml11e16a.o
 .group         0x00000000        0x8 Device_Startup/system_saml11e16a.o
 .group         0x00000000        0x8 Device_Startup/system_saml11e16a.o
 .group         0x00000000        0x8 Device_Startup/system_saml11e16a.o
 .group         0x00000000        0x8 Device_Startup/system_saml11e16a.o
 .group         0x00000000        0x8 Device_Startup/system_saml11e16a.o
 .group         0x00000000        0x8 Device_Startup/system_saml11e16a.o
 .group         0x00000000        0x8 Device_Startup/system_saml11e16a.o
 .group         0x00000000        0x8 Device_Startup/system_saml11e16a.o
 .group         0x00000000        0x8 Device_Startup/system_saml11e16a.o
 .group         0x00000000        0x8 Device_Startup/system_saml11e16a.o
 .group         0x00000000        0x8 Device_Startup/system_saml11e16a.o
 .group         0x00000000        0x8 Device_Startup/system_saml11e16a.o
 .group         0x00000000        0x8 Device_Startup/system_saml11e16a.o
 .group         0x00000000        0x8 Device_Startup/system_saml11e16a.o
 .group         0x00000000        0x8 Device_Startup/system_saml11e16a.o
 .group         0x00000000        0x8 Device_Startup/system_saml11e16a.o
 .group         0x00000000        0x8 Device_Startup/system_saml11e16a.o
 .group         0x00000000        0x8 Device_Startup/system_saml11e16a.o
 .group         0x00000000        0x8 Device_Startup/system_saml11e16a.o
 .group         0x00000000        0x8 Device_Startup/system_saml11e16a.o
 .group         0x00000000        0x8 Device_Startup/system_saml11e16a.o
 .group         0x00000000        0x8 Device_Startup/system_saml11e16a.o
 .text          0x00000000        0x0 Device_Startup/system_saml11e16a.o
 .bss           0x00000000        0x0 Device_Startup/system_saml11e16a.o
 .text.SystemCoreClockUpdate
                0x00000000       0x14 Device_Startup/system_saml11e16a.o
 .debug_macro   0x00000000      0x8b6 Device_Startup/system_saml11e16a.o
 .debug_macro   0x00000000       0x22 Device_Startup/system_saml11e16a.o
 .debug_macro   0x00000000       0x87 Device_Startup/system_saml11e16a.o
 .debug_macro   0x00000000       0x51 Device_Startup/system_saml11e16a.o
 .debug_macro   0x00000000       0xef Device_Startup/system_saml11e16a.o
 .debug_macro   0x00000000       0x6a Device_Startup/system_saml11e16a.o
 .debug_macro   0x00000000      0x1df Device_Startup/system_saml11e16a.o
 .debug_macro   0x00000000       0xc3 Device_Startup/system_saml11e16a.o
 .debug_macro   0x00000000       0x28 Device_Startup/system_saml11e16a.o
 .debug_macro   0x00000000       0x85 Device_Startup/system_saml11e16a.o
 .debug_macro   0x00000000      0xa2f Device_Startup/system_saml11e16a.o
 .debug_macro   0x00000000      0x894 Device_Startup/system_saml11e16a.o
 .debug_macro   0x00000000      0xb83 Device_Startup/system_saml11e16a.o
 .debug_macro   0x00000000      0x3e0 Device_Startup/system_saml11e16a.o
 .debug_macro   0x00000000      0x373 Device_Startup/system_saml11e16a.o
 .debug_macro   0x00000000      0xf2c Device_Startup/system_saml11e16a.o
 .debug_macro   0x00000000      0x834 Device_Startup/system_saml11e16a.o
 .debug_macro   0x00000000      0x814 Device_Startup/system_saml11e16a.o
 .debug_macro   0x00000000      0xbf2 Device_Startup/system_saml11e16a.o
 .debug_macro   0x00000000      0x20d Device_Startup/system_saml11e16a.o
 .debug_macro   0x00000000      0x2b1 Device_Startup/system_saml11e16a.o
 .debug_macro   0x00000000      0x113 Device_Startup/system_saml11e16a.o
 .debug_macro   0x00000000      0x532 Device_Startup/system_saml11e16a.o
 .debug_macro   0x00000000      0xfd0 Device_Startup/system_saml11e16a.o
 .debug_macro   0x00000000      0x267 Device_Startup/system_saml11e16a.o
 .debug_macro   0x00000000      0xb82 Device_Startup/system_saml11e16a.o
 .debug_macro   0x00000000      0x370 Device_Startup/system_saml11e16a.o
 .debug_macro   0x00000000      0xe6d Device_Startup/system_saml11e16a.o
 .debug_macro   0x00000000      0x292 Device_Startup/system_saml11e16a.o
 .debug_macro   0x00000000      0x5b7 Device_Startup/system_saml11e16a.o
 .debug_macro   0x00000000       0x1c Device_Startup/system_saml11e16a.o
 .debug_macro   0x00000000       0x9a Device_Startup/system_saml11e16a.o
 .debug_macro   0x00000000     0x231e Device_Startup/system_saml11e16a.o
 .debug_macro   0x00000000     0x15b1 Device_Startup/system_saml11e16a.o
 .debug_macro   0x00000000      0x9c1 Device_Startup/system_saml11e16a.o
 .debug_macro   0x00000000      0xbee Device_Startup/system_saml11e16a.o
 .debug_macro   0x00000000      0x2b4 Device_Startup/system_saml11e16a.o
 .debug_macro   0x00000000      0x13d Device_Startup/system_saml11e16a.o
 .debug_macro   0x00000000      0x41d Device_Startup/system_saml11e16a.o
 .debug_macro   0x00000000       0x88 Device_Startup/system_saml11e16a.o
 .debug_macro   0x00000000       0xb2 Device_Startup/system_saml11e16a.o
 .debug_macro   0x00000000       0x46 Device_Startup/system_saml11e16a.o
 .debug_macro   0x00000000       0x5e Device_Startup/system_saml11e16a.o
 .debug_macro   0x00000000       0xdc Device_Startup/system_saml11e16a.o
 .debug_macro   0x00000000       0xe8 Device_Startup/system_saml11e16a.o
 .debug_macro   0x00000000       0x94 Device_Startup/system_saml11e16a.o
 .debug_macro   0x00000000      0x2a2 Device_Startup/system_saml11e16a.o
 .debug_macro   0x00000000       0x52 Device_Startup/system_saml11e16a.o
 .debug_macro   0x00000000       0xf4 Device_Startup/system_saml11e16a.o
 .debug_macro   0x00000000       0xbe Device_Startup/system_saml11e16a.o
 .debug_macro   0x00000000       0x52 Device_Startup/system_saml11e16a.o
 .debug_macro   0x00000000       0xe2 Device_Startup/system_saml11e16a.o
 .debug_macro   0x00000000       0x3a Device_Startup/system_saml11e16a.o
 .debug_macro   0x00000000       0xb8 Device_Startup/system_saml11e16a.o
 .debug_macro   0x00000000       0x4c Device_Startup/system_saml11e16a.o
 .debug_macro   0x00000000       0x82 Device_Startup/system_saml11e16a.o
 .debug_macro   0x00000000       0x46 Device_Startup/system_saml11e16a.o
 .debug_macro   0x00000000       0xb8 Device_Startup/system_saml11e16a.o
 .debug_macro   0x00000000       0x34 Device_Startup/system_saml11e16a.o
 .debug_macro   0x00000000       0x22 Device_Startup/system_saml11e16a.o
 .debug_macro   0x00000000      0x14b Device_Startup/system_saml11e16a.o
 .debug_macro   0x00000000      0x189 Device_Startup/system_saml11e16a.o
 .debug_macro   0x00000000      0x189 Device_Startup/system_saml11e16a.o
 .debug_macro   0x00000000      0x189 Device_Startup/system_saml11e16a.o
 .debug_macro   0x00000000       0x58 Device_Startup/system_saml11e16a.o
 .debug_macro   0x00000000      0x11f Device_Startup/system_saml11e16a.o
 .debug_macro   0x00000000      0x11f Device_Startup/system_saml11e16a.o
 .debug_macro   0x00000000      0x11f Device_Startup/system_saml11e16a.o
 .debug_macro   0x00000000      0x209 Device_Startup/system_saml11e16a.o
 .debug_macro   0x00000000       0x34 Device_Startup/system_saml11e16a.o
 .debug_macro   0x00000000       0x40 Device_Startup/system_saml11e16a.o
 .debug_macro   0x00000000      0x384 Device_Startup/system_saml11e16a.o
 .debug_macro   0x00000000     0x1884 Device_Startup/system_saml11e16a.o
 .debug_macro   0x00000000      0x31b Device_Startup/system_saml11e16a.o
 .group         0x00000000        0x8 main.o
 .group         0x00000000        0x8 main.o
 .group         0x00000000        0x8 main.o
 .group         0x00000000        0x8 main.o
 .group         0x00000000        0x8 main.o
 .group         0x00000000        0x8 main.o
 .group         0x00000000        0x8 main.o
 .group         0x00000000        0x8 main.o
 .group         0x00000000        0x8 main.o
 .group         0x00000000        0x8 main.o
 .group         0x00000000        0x8 main.o
 .group         0x00000000        0x8 main.o
 .group         0x00000000        0x8 main.o
 .group         0x00000000        0x8 main.o
 .group         0x00000000        0x8 main.o
 .group         0x00000000        0x8 main.o
 .group         0x00000000        0x8 main.o
 .group         0x00000000        0x8 main.o
 .group         0x00000000        0x8 main.o
 .group         0x00000000        0x8 main.o
 .group         0x00000000        0x8 main.o
 .group         0x00000000        0x8 main.o
 .group         0x00000000        0x8 main.o
 .group         0x00000000        0x8 main.o
 .group         0x00000000        0x8 main.o
 .group         0x00000000        0x8 main.o
 .group         0x00000000        0x8 main.o
 .group         0x00000000        0x8 main.o
 .group         0x00000000        0x8 main.o
 .group         0x00000000        0x8 main.o
 .group         0x00000000        0x8 main.o
 .group         0x00000000        0x8 main.o
 .group         0x00000000        0x8 main.o
 .group         0x00000000        0x8 main.o
 .group         0x00000000        0x8 main.o
 .group         0x00000000        0x8 main.o
 .group         0x00000000        0x8 main.o
 .group         0x00000000        0x8 main.o
 .group         0x00000000        0x8 main.o
 .group         0x00000000        0x8 main.o
 .group         0x00000000        0x8 main.o
 .group         0x00000000        0x8 main.o
 .group         0x00000000        0x8 main.o
 .group         0x00000000        0x8 main.o
 .group         0x00000000        0x8 main.o
 .group         0x00000000        0x8 main.o
 .group         0x00000000        0x8 main.o
 .group         0x00000000        0x8 main.o
 .group         0x00000000        0x8 main.o
 .group         0x00000000        0x8 main.o
 .group         0x00000000        0x8 main.o
 .group         0x00000000        0x8 main.o
 .group         0x00000000        0x8 main.o
 .group         0x00000000        0x8 main.o
 .group         0x00000000        0x8 main.o
 .group         0x00000000        0x8 main.o
 .group         0x00000000        0x8 main.o
 .group         0x00000000        0x8 main.o
 .group         0x00000000        0x8 main.o
 .group         0x00000000        0x8 main.o
 .group         0x00000000        0x8 main.o
 .group         0x00000000        0x8 main.o
 .group         0x00000000        0x8 main.o
 .group         0x00000000        0x8 main.o
 .group         0x00000000        0x8 main.o
 .group         0x00000000        0x8 main.o
 .group         0x00000000        0x8 main.o
 .group         0x00000000        0x8 main.o
 .group         0x00000000        0x8 main.o
 .group         0x00000000        0x8 main.o
 .group         0x00000000        0x8 main.o
 .group         0x00000000        0x8 main.o
 .group         0x00000000        0x8 main.o
 .group         0x00000000        0x8 main.o
 .text          0x00000000        0x0 main.o
 .data          0x00000000        0x0 main.o
 .bss           0x00000000        0x0 main.o
 .debug_macro   0x00000000      0x8b6 main.o
 .debug_macro   0x00000000       0x22 main.o
 .debug_macro   0x00000000       0x87 main.o
 .debug_macro   0x00000000       0x51 main.o
 .debug_macro   0x00000000       0xef main.o
 .debug_macro   0x00000000       0x6a main.o
 .debug_macro   0x00000000      0x1df main.o
 .debug_macro   0x00000000       0xc3 main.o
 .debug_macro   0x00000000       0x28 main.o
 .debug_macro   0x00000000       0x85 main.o
 .debug_macro   0x00000000      0xa2f main.o
 .debug_macro   0x00000000      0x894 main.o
 .debug_macro   0x00000000      0xb83 main.o
 .debug_macro   0x00000000      0x3e0 main.o
 .debug_macro   0x00000000      0x373 main.o
 .debug_macro   0x00000000      0xf2c main.o
 .debug_macro   0x00000000      0x834 main.o
 .debug_macro   0x00000000      0x814 main.o
 .debug_macro   0x00000000      0xbf2 main.o
 .debug_macro   0x00000000      0x20d main.o
 .debug_macro   0x00000000      0x2b1 main.o
 .debug_macro   0x00000000      0x113 main.o
 .debug_macro   0x00000000      0x532 main.o
 .debug_macro   0x00000000      0xfd0 main.o
 .debug_macro   0x00000000      0x267 main.o
 .debug_macro   0x00000000      0xb82 main.o
 .debug_macro   0x00000000      0x370 main.o
 .debug_macro   0x00000000      0xe6d main.o
 .debug_macro   0x00000000      0x292 main.o
 .debug_macro   0x00000000      0x5b7 main.o
 .debug_macro   0x00000000       0x1c main.o
 .debug_macro   0x00000000       0x9a main.o
 .debug_macro   0x00000000     0x231e main.o
 .debug_macro   0x00000000     0x15b1 main.o
 .debug_macro   0x00000000      0x9c1 main.o
 .debug_macro   0x00000000      0xbee main.o
 .debug_macro   0x00000000      0x2b4 main.o
 .debug_macro   0x00000000      0x13d main.o
 .debug_macro   0x00000000      0x41d main.o
 .debug_macro   0x00000000       0x88 main.o
 .debug_macro   0x00000000       0xb2 main.o
 .debug_macro   0x00000000       0x46 main.o
 .debug_macro   0x00000000       0x5e main.o
 .debug_macro   0x00000000       0xdc main.o
 .debug_macro   0x00000000       0xe8 main.o
 .debug_macro   0x00000000       0x94 main.o
 .debug_macro   0x00000000      0x2a2 main.o
 .debug_macro   0x00000000       0x52 main.o
 .debug_macro   0x00000000       0xf4 main.o
 .debug_macro   0x00000000       0xbe main.o
 .debug_macro   0x00000000       0x52 main.o
 .debug_macro   0x00000000       0xe2 main.o
 .debug_macro   0x00000000       0x3a main.o
 .debug_macro   0x00000000       0xb8 main.o
 .debug_macro   0x00000000       0x4c main.o
 .debug_macro   0x00000000       0x82 main.o
 .debug_macro   0x00000000       0x46 main.o
 .debug_macro   0x00000000       0xb8 main.o
 .debug_macro   0x00000000       0x34 main.o
 .debug_macro   0x00000000       0x22 main.o
 .debug_macro   0x00000000      0x14b main.o
 .debug_macro   0x00000000      0x189 main.o
 .debug_macro   0x00000000      0x189 main.o
 .debug_macro   0x00000000      0x189 main.o
 .debug_macro   0x00000000       0x58 main.o
 .debug_macro   0x00000000      0x11f main.o
 .debug_macro   0x00000000      0x11f main.o
 .debug_macro   0x00000000      0x11f main.o
 .debug_macro   0x00000000      0x209 main.o
 .debug_macro   0x00000000       0x34 main.o
 .debug_macro   0x00000000       0x40 main.o
 .debug_macro   0x00000000      0x384 main.o
 .debug_macro   0x00000000     0x1884 main.o
 .debug_macro   0x00000000      0x31b main.o
 .group         0x00000000        0x8 Secure_Functions/secure.o
 .group         0x00000000        0x8 Secure_Functions/secure.o
 .group         0x00000000        0x8 Secure_Functions/secure.o
 .group         0x00000000        0x8 Secure_Functions/secure.o
 .group         0x00000000        0x8 Secure_Functions/secure.o
 .group         0x00000000        0x8 Secure_Functions/secure.o
 .group         0x00000000        0x8 Secure_Functions/secure.o
 .group         0x00000000        0x8 Secure_Functions/secure.o
 .group         0x00000000        0x8 Secure_Functions/secure.o
 .group         0x00000000        0x8 Secure_Functions/secure.o
 .group         0x00000000        0x8 Secure_Functions/secure.o
 .group         0x00000000        0x8 Secure_Functions/secure.o
 .group         0x00000000        0x8 Secure_Functions/secure.o
 .group         0x00000000        0x8 Secure_Functions/secure.o
 .group         0x00000000        0x8 Secure_Functions/secure.o
 .group         0x00000000        0x8 Secure_Functions/secure.o
 .group         0x00000000        0x8 Secure_Functions/secure.o
 .group         0x00000000        0x8 Secure_Functions/secure.o
 .group         0x00000000        0x8 Secure_Functions/secure.o
 .group         0x00000000        0x8 Secure_Functions/secure.o
 .group         0x00000000        0x8 Secure_Functions/secure.o
 .group         0x00000000        0x8 Secure_Functions/secure.o
 .group         0x00000000        0x8 Secure_Functions/secure.o
 .group         0x00000000        0x8 Secure_Functions/secure.o
 .group         0x00000000        0x8 Secure_Functions/secure.o
 .group         0x00000000        0x8 Secure_Functions/secure.o
 .group         0x00000000        0x8 Secure_Functions/secure.o
 .group         0x00000000        0x8 Secure_Functions/secure.o
 .group         0x00000000        0x8 Secure_Functions/secure.o
 .group         0x00000000        0x8 Secure_Functions/secure.o
 .group         0x00000000        0x8 Secure_Functions/secure.o
 .group         0x00000000        0x8 Secure_Functions/secure.o
 .group         0x00000000        0x8 Secure_Functions/secure.o
 .group         0x00000000        0x8 Secure_Functions/secure.o
 .group         0x00000000        0x8 Secure_Functions/secure.o
 .group         0x00000000        0x8 Secure_Functions/secure.o
 .group         0x00000000        0x8 Secure_Functions/secure.o
 .group         0x00000000        0x8 Secure_Functions/secure.o
 .group         0x00000000        0x8 Secure_Functions/secure.o
 .group         0x00000000        0x8 Secure_Functions/secure.o
 .group         0x00000000        0x8 Secure_Functions/secure.o
 .group         0x00000000        0x8 Secure_Functions/secure.o
 .group         0x00000000        0x8 Secure_Functions/secure.o
 .group         0x00000000        0x8 Secure_Functions/secure.o
 .group         0x00000000        0x8 Secure_Functions/secure.o
 .group         0x00000000        0x8 Secure_Functions/secure.o
 .group         0x00000000        0x8 Secure_Functions/secure.o
 .group         0x00000000        0x8 Secure_Functions/secure.o
 .group         0x00000000        0x8 Secure_Functions/secure.o
 .group         0x00000000        0x8 Secure_Functions/secure.o
 .group         0x00000000        0x8 Secure_Functions/secure.o
 .group         0x00000000        0x8 Secure_Functions/secure.o
 .group         0x00000000        0x8 Secure_Functions/secure.o
 .group         0x00000000        0x8 Secure_Functions/secure.o
 .group         0x00000000        0x8 Secure_Functions/secure.o
 .group         0x00000000        0x8 Secure_Functions/secure.o
 .group         0x00000000        0x8 Secure_Functions/secure.o
 .group         0x00000000        0x8 Secure_Functions/secure.o
 .group         0x00000000        0x8 Secure_Functions/secure.o
 .group         0x00000000        0x8 Secure_Functions/secure.o
 .group         0x00000000        0x8 Secure_Functions/secure.o
 .group         0x00000000        0x8 Secure_Functions/secure.o
 .group         0x00000000        0x8 Secure_Functions/secure.o
 .group         0x00000000        0x8 Secure_Functions/secure.o
 .group         0x00000000        0x8 Secure_Functions/secure.o
 .group         0x00000000        0x8 Secure_Functions/secure.o
 .group         0x00000000        0x8 Secure_Functions/secure.o
 .group         0x00000000        0x8 Secure_Functions/secure.o
 .group         0x00000000        0x8 Secure_Functions/secure.o
 .group         0x00000000        0x8 Secure_Functions/secure.o
 .group         0x00000000        0x8 Secure_Functions/secure.o
 .group         0x00000000        0x8 Secure_Functions/secure.o
 .group         0x00000000        0x8 Secure_Functions/secure.o
 .group         0x00000000        0x8 Secure_Functions/secure.o
 .group         0x00000000        0x8 Secure_Functions/secure.o
 .group         0x00000000        0x8 Secure_Functions/secure.o
 .group         0x00000000        0x8 Secure_Functions/secure.o
 .group         0x00000000        0x8 Secure_Functions/secure.o
 .group         0x00000000        0x8 Secure_Functions/secure.o
 .group         0x00000000        0x8 Secure_Functions/secure.o
 .group         0x00000000        0x8 Secure_Functions/secure.o
 .group         0x00000000        0x8 Secure_Functions/secure.o
 .group         0x00000000        0x8 Secure_Functions/secure.o
 .group         0x00000000        0x8 Secure_Functions/secure.o
 .group         0x00000000        0x8 Secure_Functions/secure.o
 .group         0x00000000        0x8 Secure_Functions/secure.o
 .group         0x00000000        0x8 Secure_Functions/secure.o
 .group         0x00000000        0x8 Secure_Functions/secure.o
 .group         0x00000000        0x8 Secure_Functions/secure.o
 .group         0x00000000        0x8 Secure_Functions/secure.o
 .group         0x00000000        0x8 Secure_Functions/secure.o
 .group         0x00000000        0x8 Secure_Functions/secure.o
 .group         0x00000000        0x8 Secure_Functions/secure.o
 .group         0x00000000        0x8 Secure_Functions/secure.o
 .group         0x00000000        0x8 Secure_Functions/secure.o
 .group         0x00000000        0x8 Secure_Functions/secure.o
 .group         0x00000000        0x8 Secure_Functions/secure.o
 .group         0x00000000        0x8 Secure_Functions/secure.o
 .group         0x00000000        0x8 Secure_Functions/secure.o
 .group         0x00000000        0x8 Secure_Functions/secure.o
 .group         0x00000000        0x8 Secure_Functions/secure.o
 .group         0x00000000        0x8 Secure_Functions/secure.o
 .group         0x00000000        0x8 Secure_Functions/secure.o
 .group         0x00000000        0x8 Secure_Functions/secure.o
 .group         0x00000000        0x8 Secure_Functions/secure.o
 .group         0x00000000        0x8 Secure_Functions/secure.o
 .group         0x00000000        0x8 Secure_Functions/secure.o
 .text          0x00000000        0x0 Secure_Functions/secure.o
 .data          0x00000000        0x0 Secure_Functions/secure.o
 .bss           0x00000000        0x0 Secure_Functions/secure.o
 .debug_macro   0x00000000      0x8b6 Secure_Functions/secure.o
 .debug_macro   0x00000000       0x22 Secure_Functions/secure.o
 .debug_macro   0x00000000       0x87 Secure_Functions/secure.o
 .debug_macro   0x00000000       0x51 Secure_Functions/secure.o
 .debug_macro   0x00000000       0xef Secure_Functions/secure.o
 .debug_macro   0x00000000       0x6a Secure_Functions/secure.o
 .debug_macro   0x00000000      0x1df Secure_Functions/secure.o
 .debug_macro   0x00000000       0x28 Secure_Functions/secure.o
 .debug_macro   0x00000000       0x85 Secure_Functions/secure.o
 .debug_macro   0x00000000      0xa2f Secure_Functions/secure.o
 .debug_macro   0x00000000      0x894 Secure_Functions/secure.o
 .debug_macro   0x00000000      0xb83 Secure_Functions/secure.o
 .debug_macro   0x00000000      0x3e0 Secure_Functions/secure.o
 .debug_macro   0x00000000      0x373 Secure_Functions/secure.o
 .debug_macro   0x00000000      0xf2c Secure_Functions/secure.o
 .debug_macro   0x00000000      0x834 Secure_Functions/secure.o
 .debug_macro   0x00000000      0x814 Secure_Functions/secure.o
 .debug_macro   0x00000000      0xbf2 Secure_Functions/secure.o
 .debug_macro   0x00000000      0x20d Secure_Functions/secure.o
 .debug_macro   0x00000000      0x2b1 Secure_Functions/secure.o
 .debug_macro   0x00000000      0x113 Secure_Functions/secure.o
 .debug_macro   0x00000000      0x532 Secure_Functions/secure.o
 .debug_macro   0x00000000      0xfd0 Secure_Functions/secure.o
 .debug_macro   0x00000000      0x267 Secure_Functions/secure.o
 .debug_macro   0x00000000      0xb82 Secure_Functions/secure.o
 .debug_macro   0x00000000      0x370 Secure_Functions/secure.o
 .debug_macro   0x00000000      0xe6d Secure_Functions/secure.o
 .debug_macro   0x00000000      0x292 Secure_Functions/secure.o
 .debug_macro   0x00000000      0x5b7 Secure_Functions/secure.o
 .debug_macro   0x00000000       0x1c Secure_Functions/secure.o
 .debug_macro   0x00000000       0x9a Secure_Functions/secure.o
 .debug_macro   0x00000000     0x231e Secure_Functions/secure.o
 .debug_macro   0x00000000     0x15b1 Secure_Functions/secure.o
 .debug_macro   0x00000000      0x9c1 Secure_Functions/secure.o
 .debug_macro   0x00000000      0xbee Secure_Functions/secure.o
 .debug_macro   0x00000000      0x2b4 Secure_Functions/secure.o
 .debug_macro   0x00000000      0x13d Secure_Functions/secure.o
 .debug_macro   0x00000000      0x41d Secure_Functions/secure.o
 .debug_macro   0x00000000       0x88 Secure_Functions/secure.o
 .debug_macro   0x00000000       0xb2 Secure_Functions/secure.o
 .debug_macro   0x00000000       0x46 Secure_Functions/secure.o
 .debug_macro   0x00000000       0x5e Secure_Functions/secure.o
 .debug_macro   0x00000000       0xdc Secure_Functions/secure.o
 .debug_macro   0x00000000       0xe8 Secure_Functions/secure.o
 .debug_macro   0x00000000       0x94 Secure_Functions/secure.o
 .debug_macro   0x00000000      0x2a2 Secure_Functions/secure.o
 .debug_macro   0x00000000       0x52 Secure_Functions/secure.o
 .debug_macro   0x00000000       0xf4 Secure_Functions/secure.o
 .debug_macro   0x00000000       0xbe Secure_Functions/secure.o
 .debug_macro   0x00000000       0x52 Secure_Functions/secure.o
 .debug_macro   0x00000000       0xe2 Secure_Functions/secure.o
 .debug_macro   0x00000000       0x3a Secure_Functions/secure.o
 .debug_macro   0x00000000       0xb8 Secure_Functions/secure.o
 .debug_macro   0x00000000       0x4c Secure_Functions/secure.o
 .debug_macro   0x00000000       0x82 Secure_Functions/secure.o
 .debug_macro   0x00000000       0x46 Secure_Functions/secure.o
 .debug_macro   0x00000000       0xb8 Secure_Functions/secure.o
 .debug_macro   0x00000000       0x34 Secure_Functions/secure.o
 .debug_macro   0x00000000       0x22 Secure_Functions/secure.o
 .debug_macro   0x00000000      0x14b Secure_Functions/secure.o
 .debug_macro   0x00000000      0x189 Secure_Functions/secure.o
 .debug_macro   0x00000000      0x189 Secure_Functions/secure.o
 .debug_macro   0x00000000      0x189 Secure_Functions/secure.o
 .debug_macro   0x00000000       0x58 Secure_Functions/secure.o
 .debug_macro   0x00000000      0x11f Secure_Functions/secure.o
 .debug_macro   0x00000000      0x11f Secure_Functions/secure.o
 .debug_macro   0x00000000      0x11f Secure_Functions/secure.o
 .debug_macro   0x00000000      0x209 Secure_Functions/secure.o
 .debug_macro   0x00000000       0x34 Secure_Functions/secure.o
 .debug_macro   0x00000000       0x40 Secure_Functions/secure.o
 .debug_macro   0x00000000      0x384 Secure_Functions/secure.o
 .debug_macro   0x00000000     0x1884 Secure_Functions/secure.o
 .debug_macro   0x00000000      0x31b Secure_Functions/secure.o
 .group         0x00000000        0x8 Trust_Zone/veneer.o
 .text          0x00000000        0x0 Trust_Zone/veneer.o
 .data          0x00000000        0x0 Trust_Zone/veneer.o
 .bss           0x00000000        0x0 Trust_Zone/veneer.o
 .debug_macro   0x00000000      0x8b6 Trust_Zone/veneer.o
 .data          0x00000000        0x0 c:/program files (x86)/atmel/studio/7.0/toolchain/arm/arm-gnu-toolchain/bin/../lib/gcc/arm-none-eabi/6.3.1/thumb/v8-m.base\libgcc.a(cmse_nonsecure_call.o)
 .bss           0x00000000        0x0 c:/program files (x86)/atmel/studio/7.0/toolchain/arm/arm-gnu-toolchain/bin/../lib/gcc/arm-none-eabi/6.3.1/thumb/v8-m.base\libgcc.a(cmse_nonsecure_call.o)
 .text          0x00000000        0x0 c:/program files (x86)/atmel/studio/7.0/toolchain/arm/arm-gnu-toolchain/bin/../lib/gcc/arm-none-eabi/6.3.1/../../../../arm-none-eabi/lib/thumb/v8-m.base\libc_nano.a(lib_a-exit.o)
 .data          0x00000000        0x0 c:/program files (x86)/atmel/studio/7.0/toolchain/arm/arm-gnu-toolchain/bin/../lib/gcc/arm-none-eabi/6.3.1/../../../../arm-none-eabi/lib/thumb/v8-m.base\libc_nano.a(lib_a-exit.o)
 .bss           0x00000000        0x0 c:/program files (x86)/atmel/studio/7.0/toolchain/arm/arm-gnu-toolchain/bin/../lib/gcc/arm-none-eabi/6.3.1/../../../../arm-none-eabi/lib/thumb/v8-m.base\libc_nano.a(lib_a-exit.o)
 .text.exit     0x00000000       0x28 c:/program files (x86)/atmel/studio/7.0/toolchain/arm/arm-gnu-toolchain/bin/../lib/gcc/arm-none-eabi/6.3.1/../../../../arm-none-eabi/lib/thumb/v8-m.base\libc_nano.a(lib_a-exit.o)
 .debug_frame   0x00000000       0x28 c:/program files (x86)/atmel/studio/7.0/toolchain/arm/arm-gnu-toolchain/bin/../lib/gcc/arm-none-eabi/6.3.1/../../../../arm-none-eabi/lib/thumb/v8-m.base\libc_nano.a(lib_a-exit.o)
 .ARM.attributes
                0x00000000       0x30 c:/program files (x86)/atmel/studio/7.0/toolchain/arm/arm-gnu-toolchain/bin/../lib/gcc/arm-none-eabi/6.3.1/../../../../arm-none-eabi/lib/thumb/v8-m.base\libc_nano.a(lib_a-exit.o)
 .text          0x00000000        0x0 c:/program files (x86)/atmel/studio/7.0/toolchain/arm/arm-gnu-toolchain/bin/../lib/gcc/arm-none-eabi/6.3.1/../../../../arm-none-eabi/lib/thumb/v8-m.base\libc_nano.a(lib_a-impure.o)
 .data          0x00000000        0x0 c:/program files (x86)/atmel/studio/7.0/toolchain/arm/arm-gnu-toolchain/bin/../lib/gcc/arm-none-eabi/6.3.1/../../../../arm-none-eabi/lib/thumb/v8-m.base\libc_nano.a(lib_a-impure.o)
 .bss           0x00000000        0x0 c:/program files (x86)/atmel/studio/7.0/toolchain/arm/arm-gnu-toolchain/bin/../lib/gcc/arm-none-eabi/6.3.1/../../../../arm-none-eabi/lib/thumb/v8-m.base\libc_nano.a(lib_a-impure.o)
 .data._impure_ptr
                0x00000000        0x4 c:/program files (x86)/atmel/studio/7.0/toolchain/arm/arm-gnu-toolchain/bin/../lib/gcc/arm-none-eabi/6.3.1/../../../../arm-none-eabi/lib/thumb/v8-m.base\libc_nano.a(lib_a-impure.o)
 .data.impure_data
                0x00000000       0x60 c:/program files (x86)/atmel/studio/7.0/toolchain/arm/arm-gnu-toolchain/bin/../lib/gcc/arm-none-eabi/6.3.1/../../../../arm-none-eabi/lib/thumb/v8-m.base\libc_nano.a(lib_a-impure.o)
 .rodata._global_impure_ptr
                0x00000000        0x4 c:/program files (x86)/atmel/studio/7.0/toolchain/arm/arm-gnu-toolchain/bin/../lib/gcc/arm-none-eabi/6.3.1/../../../../arm-none-eabi/lib/thumb/v8-m.base\libc_nano.a(lib_a-impure.o)
 .ARM.attributes
                0x00000000       0x30 c:/program files (x86)/atmel/studio/7.0/toolchain/arm/arm-gnu-toolchain/bin/../lib/gcc/arm-none-eabi/6.3.1/../../../../arm-none-eabi/lib/thumb/v8-m.base\libc_nano.a(lib_a-impure.o)
 .text          0x00000000        0x0 c:/program files (x86)/atmel/studio/7.0/toolchain/arm/arm-gnu-toolchain/bin/../lib/gcc/arm-none-eabi/6.3.1/../../../../arm-none-eabi/lib/thumb/v8-m.base\libc_nano.a(lib_a-init.o)
 .data          0x00000000        0x0 c:/program files (x86)/atmel/studio/7.0/toolchain/arm/arm-gnu-toolchain/bin/../lib/gcc/arm-none-eabi/6.3.1/../../../../arm-none-eabi/lib/thumb/v8-m.base\libc_nano.a(lib_a-init.o)
 .bss           0x00000000        0x0 c:/program files (x86)/atmel/studio/7.0/toolchain/arm/arm-gnu-toolchain/bin/../lib/gcc/arm-none-eabi/6.3.1/../../../../arm-none-eabi/lib/thumb/v8-m.base\libc_nano.a(lib_a-init.o)
 .text          0x00000000        0x0 c:/program files (x86)/atmel/studio/7.0/toolchain/arm/arm-gnu-toolchain/bin/../lib/gcc/arm-none-eabi/6.3.1/../../../../arm-none-eabi/lib/thumb/v8-m.base\libc_nano.a(lib_a-memset.o)
 .data          0x00000000        0x0 c:/program files (x86)/atmel/studio/7.0/toolchain/arm/arm-gnu-toolchain/bin/../lib/gcc/arm-none-eabi/6.3.1/../../../../arm-none-eabi/lib/thumb/v8-m.base\libc_nano.a(lib_a-memset.o)
 .bss           0x00000000        0x0 c:/program files (x86)/atmel/studio/7.0/toolchain/arm/arm-gnu-toolchain/bin/../lib/gcc/arm-none-eabi/6.3.1/../../../../arm-none-eabi/lib/thumb/v8-m.base\libc_nano.a(lib_a-memset.o)
 .text.memset   0x00000000       0x10 c:/program files (x86)/atmel/studio/7.0/toolchain/arm/arm-gnu-toolchain/bin/../lib/gcc/arm-none-eabi/6.3.1/../../../../arm-none-eabi/lib/thumb/v8-m.base\libc_nano.a(lib_a-memset.o)
 .debug_frame   0x00000000       0x20 c:/program files (x86)/atmel/studio/7.0/toolchain/arm/arm-gnu-toolchain/bin/../lib/gcc/arm-none-eabi/6.3.1/../../../../arm-none-eabi/lib/thumb/v8-m.base\libc_nano.a(lib_a-memset.o)
 .ARM.attributes
                0x00000000       0x30 c:/program files (x86)/atmel/studio/7.0/toolchain/arm/arm-gnu-toolchain/bin/../lib/gcc/arm-none-eabi/6.3.1/../../../../arm-none-eabi/lib/thumb/v8-m.base\libc_nano.a(lib_a-memset.o)
 .text          0x00000000        0x0 c:/program files (x86)/atmel/studio/7.0/toolchain/arm/arm-gnu-toolchain/bin/../lib/gcc/arm-none-eabi/6.3.1/../../../../arm-none-eabi/lib/thumb/v8-m.base\libnosys.a(_exit.o)
 .data          0x00000000        0x0 c:/program files (x86)/atmel/studio/7.0/toolchain/arm/arm-gnu-toolchain/bin/../lib/gcc/arm-none-eabi/6.3.1/../../../../arm-none-eabi/lib/thumb/v8-m.base\libnosys.a(_exit.o)
 .bss           0x00000000        0x0 c:/program files (x86)/atmel/studio/7.0/toolchain/arm/arm-gnu-toolchain/bin/../lib/gcc/arm-none-eabi/6.3.1/../../../../arm-none-eabi/lib/thumb/v8-m.base\libnosys.a(_exit.o)
 .text._exit    0x00000000        0x4 c:/program files (x86)/atmel/studio/7.0/toolchain/arm/arm-gnu-toolchain/bin/../lib/gcc/arm-none-eabi/6.3.1/../../../../arm-none-eabi/lib/thumb/v8-m.base\libnosys.a(_exit.o)
 .debug_frame   0x00000000       0x20 c:/program files (x86)/atmel/studio/7.0/toolchain/arm/arm-gnu-toolchain/bin/../lib/gcc/arm-none-eabi/6.3.1/../../../../arm-none-eabi/lib/thumb/v8-m.base\libnosys.a(_exit.o)
 .ARM.attributes
                0x00000000       0x30 c:/program files (x86)/atmel/studio/7.0/toolchain/arm/arm-gnu-toolchain/bin/../lib/gcc/arm-none-eabi/6.3.1/../../../../arm-none-eabi/lib/thumb/v8-m.base\libnosys.a(_exit.o)
 .text          0x00000000        0x0 c:/program files (x86)/atmel/studio/7.0/toolchain/arm/arm-gnu-toolchain/bin/../lib/gcc/arm-none-eabi/6.3.1/thumb/v8-m.base/crtend.o
 .data          0x00000000        0x0 c:/program files (x86)/atmel/studio/7.0/toolchain/arm/arm-gnu-toolchain/bin/../lib/gcc/arm-none-eabi/6.3.1/thumb/v8-m.base/crtend.o
 .bss           0x00000000        0x0 c:/program files (x86)/atmel/studio/7.0/toolchain/arm/arm-gnu-toolchain/bin/../lib/gcc/arm-none-eabi/6.3.1/thumb/v8-m.base/crtend.o
 .eh_frame      0x00000000        0x4 c:/program files (x86)/atmel/studio/7.0/toolchain/arm/arm-gnu-toolchain/bin/../lib/gcc/arm-none-eabi/6.3.1/thumb/v8-m.base/crtend.o
 .jcr           0x00000000        0x4 c:/program files (x86)/atmel/studio/7.0/toolchain/arm/arm-gnu-toolchain/bin/../lib/gcc/arm-none-eabi/6.3.1/thumb/v8-m.base/crtend.o
 .ARM.attributes
                0x00000000       0x30 c:/program files (x86)/atmel/studio/7.0/toolchain/arm/arm-gnu-toolchain/bin/../lib/gcc/arm-none-eabi/6.3.1/thumb/v8-m.base/crtend.o
 .text          0x00000000        0x0 c:/program files (x86)/atmel/studio/7.0/toolchain/arm/arm-gnu-toolchain/bin/../lib/gcc/arm-none-eabi/6.3.1/thumb/v8-m.base/crtn.o
 .data          0x00000000        0x0 c:/program files (x86)/atmel/studio/7.0/toolchain/arm/arm-gnu-toolchain/bin/../lib/gcc/arm-none-eabi/6.3.1/thumb/v8-m.base/crtn.o
 .bss           0x00000000        0x0 c:/program files (x86)/atmel/studio/7.0/toolchain/arm/arm-gnu-toolchain/bin/../lib/gcc/arm-none-eabi/6.3.1/thumb/v8-m.base/crtn.o

Memory Configuration

Name             Origin             Length             Attributes
rom              0x00000000         0x00007c00         xr
rom_nsc          0x00007c00         0x00000400         xr
ram              0x20000000         0x00002000         xrw
userrow          0x00804000         0x00000100         rw
*default*        0x00000000         0xffffffff

Linker script and memory map

LOAD c:/program files (x86)/atmel/studio/7.0/toolchain/arm/arm-gnu-toolchain/bin/../lib/gcc/arm-none-eabi/6.3.1/thumb/v8-m.base/crti.o
LOAD c:/program files (x86)/atmel/studio/7.0/toolchain/arm/arm-gnu-toolchain/bin/../lib/gcc/arm-none-eabi/6.3.1/thumb/v8-m.base/crtbegin.o
LOAD c:/program files (x86)/atmel/studio/7.0/toolchain/arm/arm-gnu-toolchain/bin/../lib/gcc/arm-none-eabi/6.3.1/../../../../arm-none-eabi/lib/thumb/v8-m.base/crt0.o
LOAD Device_Startup/startup_saml11e16a.o
LOAD Device_Startup/system_saml11e16a.o
LOAD main.o
LOAD Secure_Functions/secure.o
LOAD Trust_Zone/veneer.o
START GROUP
LOAD c:/program files (x86)/atmel/studio/7.0/toolchain/arm/arm-gnu-toolchain/bin/../lib/gcc/arm-none-eabi/6.3.1/../../../../arm-none-eabi/lib/thumb/v8-m.base\libm.a
LOAD C:\Users\Scuzz3y\Documents\git\ARM TrustZone\SAM L11 - TrustZone Demo\SAM 11 - HAL\Debug\libSAM11_HAL.a
END GROUP
START GROUP
LOAD c:/program files (x86)/atmel/studio/7.0/toolchain/arm/arm-gnu-toolchain/bin/../lib/gcc/arm-none-eabi/6.3.1/thumb/v8-m.base\libgcc.a
LOAD c:/program files (x86)/atmel/studio/7.0/toolchain/arm/arm-gnu-toolchain/bin/../lib/gcc/arm-none-eabi/6.3.1/../../../../arm-none-eabi/lib/thumb/v8-m.base\libc_nano.a
END GROUP
START GROUP
LOAD c:/program files (x86)/atmel/studio/7.0/toolchain/arm/arm-gnu-toolchain/bin/../lib/gcc/arm-none-eabi/6.3.1/thumb/v8-m.base\libgcc.a
LOAD c:/program files (x86)/atmel/studio/7.0/toolchain/arm/arm-gnu-toolchain/bin/../lib/gcc/arm-none-eabi/6.3.1/../../../../arm-none-eabi/lib/thumb/v8-m.base\libc_nano.a
LOAD c:/program files (x86)/atmel/studio/7.0/toolchain/arm/arm-gnu-toolchain/bin/../lib/gcc/arm-none-eabi/6.3.1/../../../../arm-none-eabi/lib/thumb/v8-m.base\libnosys.a
END GROUP
START GROUP
LOAD c:/program files (x86)/atmel/studio/7.0/toolchain/arm/arm-gnu-toolchain/bin/../lib/gcc/arm-none-eabi/6.3.1/thumb/v8-m.base\libgcc.a
LOAD c:/program files (x86)/atmel/studio/7.0/toolchain/arm/arm-gnu-toolchain/bin/../lib/gcc/arm-none-eabi/6.3.1/../../../../arm-none-eabi/lib/thumb/v8-m.base\libc_nano.a
LOAD c:/program files (x86)/atmel/studio/7.0/toolchain/arm/arm-gnu-toolchain/bin/../lib/gcc/arm-none-eabi/6.3.1/../../../../arm-none-eabi/lib/thumb/v8-m.base\libnosys.a
END GROUP
LOAD c:/program files (x86)/atmel/studio/7.0/toolchain/arm/arm-gnu-toolchain/bin/../lib/gcc/arm-none-eabi/6.3.1/thumb/v8-m.base/crtend.o
LOAD c:/program files (x86)/atmel/studio/7.0/toolchain/arm/arm-gnu-toolchain/bin/../lib/gcc/arm-none-eabi/6.3.1/thumb/v8-m.base/crtn.o
                0x00000400                STACK_SIZE = DEFINED (STACK_SIZE)?STACK_SIZE:DEFINED (__stack_size__)?__stack_size__:0x400
                0x00000200                HEAP_SIZE = DEFINED (HEAP_SIZE)?HEAP_SIZE:DEFINED (__heap_size__)?__heap_size__:0x200

.text           0x00000000      0x340
                0x00000000                . = ALIGN (0x4)
                0x00000000                _sfixed = .
 *(.vectors .vectors.*)
 .vectors       0x00000000       0xf4 Device_Startup/startup_saml11e16a.o
                0x00000000                exception_table
 *veneer.o(.text.*)
 .text.secure_blink_led_10_s
                0x000000f4       0x22 Trust_Zone/veneer.o
                0x000000f4                __acle_se_secure_blink_led_10_s
 *(.text .text.* .gnu.linkonce.t.*)
 *fill*         0x00000116        0x2 
 .text          0x00000118       0x6c c:/program files (x86)/atmel/studio/7.0/toolchain/arm/arm-gnu-toolchain/bin/../lib/gcc/arm-none-eabi/6.3.1/thumb/v8-m.base/crtbegin.o
 .text.Dummy_Handler
                0x00000184        0x2 Device_Startup/startup_saml11e16a.o
                0x00000184                SVCall_Handler
                0x00000184                SERCOM0_2_Handler
                0x00000184                EVSYS_0_Handler
                0x00000184                TRNG_Handler
                0x00000184                HardFault_Handler
                0x00000184                ADC_RESRDY_Handler
                0x00000184                TC2_Handler
                0x00000184                AC_Handler
                0x00000184                DMAC_OTHER_Handler
                0x00000184                SysTick_Handler
                0x00000184                PendSV_Handler
                0x00000184                EVSYS_3_Handler
                0x00000184                NonMaskableInt_Handler
                0x00000184                SERCOM0_OTHER_Handler
                0x00000184                EIC_3_Handler
                0x00000184                SERCOM0_0_Handler
                0x00000184                RTC_Handler
                0x00000184                SERCOM1_OTHER_Handler
                0x00000184                EVSYS_1_Handler
                0x00000184                DMAC_0_Handler
                0x00000184                WDT_Handler
                0x00000184                TRAM_Handler
                0x00000184                EVSYS_NSCHK_Handler
                0x00000184                TC1_Handler
                0x00000184                DAC_EMPTY_Handler
                0x00000184                PAC_Handler
                0x00000184                EIC_0_Handler
                0x00000184                Dummy_Handler
                0x00000184                DMAC_2_Handler
                0x00000184                SERCOM0_1_Handler
                0x00000184                DMAC_1_Handler
                0x00000184                SERCOM1_1_Handler
                0x00000184                EIC_2_Handler
                0x00000184                NVMCTRL_Handler
                0x00000184                PORT_Handler
                0x00000184                SYSTEM_Handler
                0x00000184                SERCOM1_0_Handler
                0x00000184                SERCOM2_1_Handler
                0x00000184                SERCOM1_2_Handler
                0x00000184                EIC_1_Handler
                0x00000184                SERCOM2_2_Handler
                0x00000184                PTC_Handler
                0x00000184                EVSYS_2_Handler
                0x00000184                SERCOM2_OTHER_Handler
                0x00000184                FREQM_Handler
                0x00000184                DAC_UNDERRUN_A_Handler
                0x00000184                TC0_Handler
                0x00000184                EIC_OTHER_Handler
                0x00000184                ADC_OTHER_Handler
                0x00000184                DMAC_3_Handler
                0x00000184                SERCOM2_0_Handler
 *fill*         0x00000186        0x2 
 .text.Reset_Handler
                0x00000188       0xc4 Device_Startup/startup_saml11e16a.o
                0x00000188                Reset_Handler
 .text.SystemInit
                0x0000024c       0x14 Device_Startup/system_saml11e16a.o
                0x0000024c                SystemInit
 .text.main     0x00000260       0x30 main.o
                0x00000260                main
 .text.blink_led_10_s
                0x00000290        0xe Secure_Functions/secure.o
                0x00000290                blink_led_10_s
 .text          0x0000029e       0x32 c:/program files (x86)/atmel/studio/7.0/toolchain/arm/arm-gnu-toolchain/bin/../lib/gcc/arm-none-eabi/6.3.1/thumb/v8-m.base\libgcc.a(cmse_nonsecure_call.o)
                0x0000029e                __gnu_cmse_nonsecure_call
 .text.__libc_init_array
                0x000002d0       0x50 c:/program files (x86)/atmel/studio/7.0/toolchain/arm/arm-gnu-toolchain/bin/../lib/gcc/arm-none-eabi/6.3.1/../../../../arm-none-eabi/lib/thumb/v8-m.base\libc_nano.a(lib_a-init.o)
                0x000002d0                __libc_init_array
 *(.glue_7t)
 .glue_7t       0x00000320        0x0 linker stubs
 *(.glue_7)
 .glue_7        0x00000320        0x0 linker stubs
 *(.rodata .rodata* .gnu.linkonce.r.*)
 *(.ARM.extab* .gnu.linkonce.armextab.*)
                0x00000320                . = ALIGN (0x4)
 *(.init)
 .init          0x00000320        0x4 c:/program files (x86)/atmel/studio/7.0/toolchain/arm/arm-gnu-toolchain/bin/../lib/gcc/arm-none-eabi/6.3.1/thumb/v8-m.base/crti.o
                0x00000320                _init
 .init          0x00000324        0x8 c:/program files (x86)/atmel/studio/7.0/toolchain/arm/arm-gnu-toolchain/bin/../lib/gcc/arm-none-eabi/6.3.1/thumb/v8-m.base/crtn.o
                0x0000032c                . = ALIGN (0x4)
                0x0000032c                __preinit_array_start = .
 *(.preinit_array)
                0x0000032c                __preinit_array_end = .
                0x0000032c                . = ALIGN (0x4)
                0x0000032c                __init_array_start = .
 *(SORT(.init_array.*))
 *(.init_array)
 .init_array    0x0000032c        0x4 c:/program files (x86)/atmel/studio/7.0/toolchain/arm/arm-gnu-toolchain/bin/../lib/gcc/arm-none-eabi/6.3.1/thumb/v8-m.base/crtbegin.o
                0x00000330                __init_array_end = .
                0x00000330                . = ALIGN (0x4)
 *crtbegin.o(.ctors)
 *(EXCLUDE_FILE(*crtend.o) .ctors)
 *(SORT(.ctors.*))
 *crtend.o(.ctors)
                0x00000330                . = ALIGN (0x4)
 *(.fini)
 .fini          0x00000330        0x4 c:/program files (x86)/atmel/studio/7.0/toolchain/arm/arm-gnu-toolchain/bin/../lib/gcc/arm-none-eabi/6.3.1/thumb/v8-m.base/crti.o
                0x00000330                _fini
 .fini          0x00000334        0x8 c:/program files (x86)/atmel/studio/7.0/toolchain/arm/arm-gnu-toolchain/bin/../lib/gcc/arm-none-eabi/6.3.1/thumb/v8-m.base/crtn.o
                0x0000033c                . = ALIGN (0x4)
                0x0000033c                __fini_array_start = .
 *(.fini_array)
 .fini_array    0x0000033c        0x4 c:/program files (x86)/atmel/studio/7.0/toolchain/arm/arm-gnu-toolchain/bin/../lib/gcc/arm-none-eabi/6.3.1/thumb/v8-m.base/crtbegin.o
 *(SORT(.fini_array.*))
                0x00000340                __fini_array_end = .
 *crtbegin.o(.dtors)
 *(EXCLUDE_FILE(*crtend.o) .dtors)
 *(SORT(.dtors.*))
 *crtend.o(.dtors)
                0x00000340                . = ALIGN (0x4)
                0x00000340                _efixed = .
                [!provide]                PROVIDE (__exidx_start, .)

.vfp11_veneer   0x00000340        0x0
 .vfp11_veneer  0x00000340        0x0 linker stubs

.v4_bx          0x00000340        0x0
 .v4_bx         0x00000340        0x0 linker stubs

.iplt           0x00000340        0x0
 .iplt          0x00000340        0x0 c:/program files (x86)/atmel/studio/7.0/toolchain/arm/arm-gnu-toolchain/bin/../lib/gcc/arm-none-eabi/6.3.1/thumb/v8-m.base/crtbegin.o

.rel.dyn        0x00000340        0x0
 .rel.iplt      0x00000340        0x0 c:/program files (x86)/atmel/studio/7.0/toolchain/arm/arm-gnu-toolchain/bin/../lib/gcc/arm-none-eabi/6.3.1/thumb/v8-m.base/crtbegin.o

.ARM.exidx
 *(.ARM.exidx* .gnu.linkonce.armexidx.*)
                [!provide]                PROVIDE (__exidx_end, .)
                0x00000340                . = ALIGN (0x4)
                0x00000340                _etext = .
                0x00000340                . = ALIGN (0x4)

.gnu.sgstubs    0x00007c00       0x20
                0x00007c00                _ssgstubs = .
 .gnu.sgstubs.__stub
                0x00007c00        0x8 linker stubs
                0x00007c00                secure_blink_led_10_s

.relocate       0x20000000        0x4 load address 0x00000340
                0x20000000                . = ALIGN (0x4)
                0x20000000                _srelocate = .
 *(.ramfunc .ramfunc.*)
 *(.data .data.*)
 .data          0x20000000        0x4 Device_Startup/system_saml11e16a.o
                0x20000000                SystemCoreClock
                0x20000004                . = ALIGN (0x4)
                0x20000004                _erelocate = .

.bss            0x20000004       0x1c load address 0x00000344
                0x20000004                . = ALIGN (0x4)
                0x20000004                _sbss = .
                0x20000004                _szero = .
 *(.bss .bss.*)
 .bss           0x20000004       0x1c c:/program files (x86)/atmel/studio/7.0/toolchain/arm/arm-gnu-toolchain/bin/../lib/gcc/arm-none-eabi/6.3.1/thumb/v8-m.base/crtbegin.o
 *(COMMON)
                0x20000020                . = ALIGN (0x4)
                0x20000020                _ebss = .
                0x20000020                _ezero = .

.heap           0x20000020      0x200 load address 0x00000360
                0x20000020                . = ALIGN (0x8)
                0x20000020                _sheap = .
                0x20000220                . = (. + HEAP_SIZE)
 *fill*         0x20000020      0x200 
                0x20000220                . = ALIGN (0x8)
                0x20000220                _eheap = .

.stack          0x20000220      0x400 load address 0x00000560
                0x20000220                . = ALIGN (0x8)
                0x20000220                _sstack = .
                0x20000620                . = (. + STACK_SIZE)
 *fill*         0x20000220      0x400 
                0x20000620                . = ALIGN (0x8)
                0x20000620                _estack = .
                0x20000620                . = ALIGN (0x4)
                0x20000620                _end = .
                0x20001fff                _ram_end_ = ((ORIGIN (ram) + LENGTH (ram)) - 0x1)

.userRowBlock   0x00804000       0x1c
 *(.userrowsec)
 .userrowsec    0x00804000       0x1c main.o
                0x00804000                userRow
OUTPUT(SecureApp.elf elf32-littlearm)

.eh_frame       0x0080401c        0x0
 .eh_frame      0x0080401c        0x0 c:/program files (x86)/atmel/studio/7.0/toolchain/arm/arm-gnu-toolchain/bin/../lib/gcc/arm-none-eabi/6.3.1/thumb/v8-m.base/crtbegin.o

.jcr            0x0080401c        0x0
 .jcr           0x0080401c        0x0 c:/program files (x86)/atmel/studio/7.0/toolchain/arm/arm-gnu-toolchain/bin/../lib/gcc/arm-none-eabi/6.3.1/thumb/v8-m.base/crtbegin.o

.igot.plt       0x00000340        0x0 load address 0x0080401c
 .igot.plt      0x00000340        0x0 c:/program files (x86)/atmel/studio/7.0/toolchain/arm/arm-gnu-toolchain/bin/../lib/gcc/arm-none-eabi/6.3.1/thumb/v8-m.base/crtbegin.o

.ARM.attributes
                0x00000000       0x2c
 .ARM.attributes
                0x00000000       0x22 c:/program files (x86)/atmel/studio/7.0/toolchain/arm/arm-gnu-toolchain/bin/../lib/gcc/arm-none-eabi/6.3.1/thumb/v8-m.base/crti.o
 .ARM.attributes
                0x00000022       0x30 c:/program files (x86)/atmel/studio/7.0/toolchain/arm/arm-gnu-toolchain/bin/../lib/gcc/arm-none-eabi/6.3.1/thumb/v8-m.base/crtbegin.o
 .ARM.attributes
                0x00000052       0x32 Device_Startup/startup_saml11e16a.o
 .ARM.attributes
                0x00000084       0x32 Device_Startup/system_saml11e16a.o
 .ARM.attributes
                0x000000b6       0x32 main.o
 .ARM.attributes
                0x000000e8       0x32 Secure_Functions/secure.o
 .ARM.attributes
                0x0000011a       0x32 Trust_Zone/veneer.o
 .ARM.attributes
                0x0000014c       0x20 c:/program files (x86)/atmel/studio/7.0/toolchain/arm/arm-gnu-toolchain/bin/../lib/gcc/arm-none-eabi/6.3.1/thumb/v8-m.base\libgcc.a(cmse_nonsecure_call.o)
 .ARM.attributes
                0x0000016c       0x30 c:/program files (x86)/atmel/studio/7.0/toolchain/arm/arm-gnu-toolchain/bin/../lib/gcc/arm-none-eabi/6.3.1/../../../../arm-none-eabi/lib/thumb/v8-m.base\libc_nano.a(lib_a-init.o)
 .ARM.attributes
                0x0000019c       0x22 c:/program files (x86)/atmel/studio/7.0/toolchain/arm/arm-gnu-toolchain/bin/../lib/gcc/arm-none-eabi/6.3.1/thumb/v8-m.base/crtn.o

.comment        0x00000000       0x59
 .comment       0x00000000       0x59 Device_Startup/startup_saml11e16a.o
                                 0x5a (size before relaxing)
 .comment       0x00000059       0x5a Device_Startup/system_saml11e16a.o
 .comment       0x00000059       0x5a main.o
 .comment       0x00000059       0x5a Secure_Functions/secure.o
 .comment       0x00000059       0x5a Trust_Zone/veneer.o

.debug_info     0x00000000     0x1379
 .debug_info    0x00000000      0x5f4 Device_Startup/startup_saml11e16a.o
 .debug_info    0x000005f4       0xd5 Device_Startup/system_saml11e16a.o
 .debug_info    0x000006c9      0x159 main.o
 .debug_info    0x00000822      0xaf8 Secure_Functions/secure.o
 .debug_info    0x0000131a       0x5f Trust_Zone/veneer.o

.debug_abbrev   0x00000000      0x4ed
 .debug_abbrev  0x00000000      0x14f Device_Startup/startup_saml11e16a.o
 .debug_abbrev  0x0000014f       0x72 Device_Startup/system_saml11e16a.o
 .debug_abbrev  0x000001c1      0x107 main.o
 .debug_abbrev  0x000002c8      0x1d5 Secure_Functions/secure.o
 .debug_abbrev  0x0000049d       0x50 Trust_Zone/veneer.o

.debug_loc      0x00000000      0x12d
 .debug_loc     0x00000000       0x40 Device_Startup/startup_saml11e16a.o
 .debug_loc     0x00000040       0x78 main.o
 .debug_loc     0x000000b8       0x55 Secure_Functions/secure.o
 .debug_loc     0x0000010d       0x20 Trust_Zone/veneer.o

.debug_aranges  0x00000000       0xb0
 .debug_aranges
                0x00000000       0x28 Device_Startup/startup_saml11e16a.o
 .debug_aranges
                0x00000028       0x28 Device_Startup/system_saml11e16a.o
 .debug_aranges
                0x00000050       0x20 main.o
 .debug_aranges
                0x00000070       0x20 Secure_Functions/secure.o
 .debug_aranges
                0x00000090       0x20 Trust_Zone/veneer.o

.debug_ranges   0x00000000       0x60
 .debug_ranges  0x00000000       0x18 Device_Startup/startup_saml11e16a.o
 .debug_ranges  0x00000018       0x18 Device_Startup/system_saml11e16a.o
 .debug_ranges  0x00000030       0x10 main.o
 .debug_ranges  0x00000040       0x10 Secure_Functions/secure.o
 .debug_ranges  0x00000050       0x10 Trust_Zone/veneer.o

.debug_macro    0x00000000    0x145bf
 .debug_macro   0x00000000      0x30b Device_Startup/startup_saml11e16a.o
 .debug_macro   0x0000030b      0x8b6 Device_Startup/startup_saml11e16a.o
 .debug_macro   0x00000bc1       0x22 Device_Startup/startup_saml11e16a.o
 .debug_macro   0x00000be3       0x87 Device_Startup/startup_saml11e16a.o
 .debug_macro   0x00000c6a       0x51 Device_Startup/startup_saml11e16a.o
 .debug_macro   0x00000cbb       0xef Device_Startup/startup_saml11e16a.o
 .debug_macro   0x00000daa       0x6a Device_Startup/startup_saml11e16a.o
 .debug_macro   0x00000e14      0x1df Device_Startup/startup_saml11e16a.o
 .debug_macro   0x00000ff3       0xc3 Device_Startup/startup_saml11e16a.o
 .debug_macro   0x000010b6       0x28 Device_Startup/startup_saml11e16a.o
 .debug_macro   0x000010de       0x85 Device_Startup/startup_saml11e16a.o
 .debug_macro   0x00001163      0xa2f Device_Startup/startup_saml11e16a.o
 .debug_macro   0x00001b92      0x894 Device_Startup/startup_saml11e16a.o
 .debug_macro   0x00002426      0xb83 Device_Startup/startup_saml11e16a.o
 .debug_macro   0x00002fa9      0x3e0 Device_Startup/startup_saml11e16a.o
 .debug_macro   0x00003389      0x373 Device_Startup/startup_saml11e16a.o
 .debug_macro   0x000036fc      0xf2c Device_Startup/startup_saml11e16a.o
 .debug_macro   0x00004628      0x834 Device_Startup/startup_saml11e16a.o
 .debug_macro   0x00004e5c      0x814 Device_Startup/startup_saml11e16a.o
 .debug_macro   0x00005670      0xbf2 Device_Startup/startup_saml11e16a.o
 .debug_macro   0x00006262      0x20d Device_Startup/startup_saml11e16a.o
 .debug_macro   0x0000646f      0x2b1 Device_Startup/startup_saml11e16a.o
 .debug_macro   0x00006720      0x113 Device_Startup/startup_saml11e16a.o
 .debug_macro   0x00006833      0x532 Device_Startup/startup_saml11e16a.o
 .debug_macro   0x00006d65      0xfd0 Device_Startup/startup_saml11e16a.o
 .debug_macro   0x00007d35      0x267 Device_Startup/startup_saml11e16a.o
 .debug_macro   0x00007f9c      0xb82 Device_Startup/startup_saml11e16a.o
 .debug_macro   0x00008b1e      0x370 Device_Startup/startup_saml11e16a.o
 .debug_macro   0x00008e8e      0xe6d Device_Startup/startup_saml11e16a.o
 .debug_macro   0x00009cfb      0x292 Device_Startup/startup_saml11e16a.o
 .debug_macro   0x00009f8d      0x5b7 Device_Startup/startup_saml11e16a.o
 .debug_macro   0x0000a544       0x1c Device_Startup/startup_saml11e16a.o
 .debug_macro   0x0000a560       0x9a Device_Startup/startup_saml11e16a.o
 .debug_macro   0x0000a5fa     0x231e Device_Startup/startup_saml11e16a.o
 .debug_macro   0x0000c918     0x15b1 Device_Startup/startup_saml11e16a.o
 .debug_macro   0x0000dec9      0x9c1 Device_Startup/startup_saml11e16a.o
 .debug_macro   0x0000e88a      0xbee Device_Startup/startup_saml11e16a.o
 .debug_macro   0x0000f478      0x2b4 Device_Startup/startup_saml11e16a.o
 .debug_macro   0x0000f72c      0x13d Device_Startup/startup_saml11e16a.o
 .debug_macro   0x0000f869      0x41d Device_Startup/startup_saml11e16a.o
 .debug_macro   0x0000fc86       0x88 Device_Startup/startup_saml11e16a.o
 .debug_macro   0x0000fd0e       0xb2 Device_Startup/startup_saml11e16a.o
 .debug_macro   0x0000fdc0       0x46 Device_Startup/startup_saml11e16a.o
 .debug_macro   0x0000fe06       0x5e Device_Startup/startup_saml11e16a.o
 .debug_macro   0x0000fe64       0xdc Device_Startup/startup_saml11e16a.o
 .debug_macro   0x0000ff40       0xe8 Device_Startup/startup_saml11e16a.o
 .debug_macro   0x00010028       0x94 Device_Startup/startup_saml11e16a.o
 .debug_macro   0x000100bc      0x2a2 Device_Startup/startup_saml11e16a.o
 .debug_macro   0x0001035e       0x52 Device_Startup/startup_saml11e16a.o
 .debug_macro   0x000103b0       0xf4 Device_Startup/startup_saml11e16a.o
 .debug_macro   0x000104a4       0xbe Device_Startup/startup_saml11e16a.o
 .debug_macro   0x00010562       0x52 Device_Startup/startup_saml11e16a.o
 .debug_macro   0x000105b4       0xe2 Device_Startup/startup_saml11e16a.o
 .debug_macro   0x00010696       0x3a Device_Startup/startup_saml11e16a.o
 .debug_macro   0x000106d0       0xb8 Device_Startup/startup_saml11e16a.o
 .debug_macro   0x00010788       0x4c Device_Startup/startup_saml11e16a.o
 .debug_macro   0x000107d4       0x82 Device_Startup/startup_saml11e16a.o
 .debug_macro   0x00010856       0x46 Device_Startup/startup_saml11e16a.o
 .debug_macro   0x0001089c       0xb8 Device_Startup/startup_saml11e16a.o
 .debug_macro   0x00010954       0x34 Device_Startup/startup_saml11e16a.o
 .debug_macro   0x00010988       0x22 Device_Startup/startup_saml11e16a.o
 .debug_macro   0x000109aa      0x14b Device_Startup/startup_saml11e16a.o
 .debug_macro   0x00010af5      0x189 Device_Startup/startup_saml11e16a.o
 .debug_macro   0x00010c7e      0x189 Device_Startup/startup_saml11e16a.o
 .debug_macro   0x00010e07      0x189 Device_Startup/startup_saml11e16a.o
 .debug_macro   0x00010f90       0x58 Device_Startup/startup_saml11e16a.o
 .debug_macro   0x00010fe8      0x11f Device_Startup/startup_saml11e16a.o
 .debug_macro   0x00011107      0x11f Device_Startup/startup_saml11e16a.o
 .debug_macro   0x00011226      0x11f Device_Startup/startup_saml11e16a.o
 .debug_macro   0x00011345      0x209 Device_Startup/startup_saml11e16a.o
 .debug_macro   0x0001154e       0x34 Device_Startup/startup_saml11e16a.o
 .debug_macro   0x00011582       0x40 Device_Startup/startup_saml11e16a.o
 .debug_macro   0x000115c2      0x384 Device_Startup/startup_saml11e16a.o
 .debug_macro   0x00011946     0x1884 Device_Startup/startup_saml11e16a.o
 .debug_macro   0x000131ca      0x31b Device_Startup/startup_saml11e16a.o
 .debug_macro   0x000134e5      0x311 Device_Startup/system_saml11e16a.o
 .debug_macro   0x000137f6      0x345 main.o
 .debug_macro   0x00013b3b      0x4bf Secure_Functions/secure.o
 .debug_macro   0x00013ffa      0x16d Secure_Functions/secure.o
 .debug_macro   0x00014167       0x22 Secure_Functions/secure.o
 .debug_macro   0x00014189       0xc9 Secure_Functions/secure.o
 .debug_macro   0x00014252       0x10 Secure_Functions/secure.o
 .debug_macro   0x00014262       0x10 Secure_Functions/secure.o
 .debug_macro   0x00014272       0x16 Secure_Functions/secure.o
 .debug_macro   0x00014288       0x16 Secure_Functions/secure.o
 .debug_macro   0x0001429e       0x16 Secure_Functions/secure.o
 .debug_macro   0x000142b4       0x16 Secure_Functions/secure.o
 .debug_macro   0x000142ca       0x16 Secure_Functions/secure.o
 .debug_macro   0x000142e0       0x16 Secure_Functions/secure.o
 .debug_macro   0x000142f6       0x16 Secure_Functions/secure.o
 .debug_macro   0x0001430c       0x16 Secure_Functions/secure.o
 .debug_macro   0x00014322       0x16 Secure_Functions/secure.o
 .debug_macro   0x00014338       0x16 Secure_Functions/secure.o
 .debug_macro   0x0001434e       0x16 Secure_Functions/secure.o
 .debug_macro   0x00014364       0x16 Secure_Functions/secure.o
 .debug_macro   0x0001437a       0x16 Secure_Functions/secure.o
 .debug_macro   0x00014390       0x16 Secure_Functions/secure.o
 .debug_macro   0x000143a6       0x16 Secure_Functions/secure.o
 .debug_macro   0x000143bc       0x16 Secure_Functions/secure.o
 .debug_macro   0x000143d2       0x16 Secure_Functions/secure.o
 .debug_macro   0x000143e8       0x16 Secure_Functions/secure.o
 .debug_macro   0x000143fe       0x16 Secure_Functions/secure.o
 .debug_macro   0x00014414       0x16 Secure_Functions/secure.o
 .debug_macro   0x0001442a       0x16 Secure_Functions/secure.o
 .debug_macro   0x00014440       0x16 Secure_Functions/secure.o
 .debug_macro   0x00014456       0x16 Secure_Functions/secure.o
 .debug_macro   0x0001446c       0x16 Secure_Functions/secure.o
 .debug_macro   0x00014482       0x16 Secure_Functions/secure.o
 .debug_macro   0x00014498       0xca Secure_Functions/secure.o
 .debug_macro   0x00014562       0x1c Secure_Functions/secure.o
 .debug_macro   0x0001457e       0x16 Secure_Functions/secure.o
 .debug_macro   0x00014594       0x10 Secure_Functions/secure.o
 .debug_macro   0x000145a4       0x1b Trust_Zone/veneer.o

.debug_line     0x00000000     0x1ee3
 .debug_line    0x00000000      0x6d5 Device_Startup/startup_saml11e16a.o
 .debug_line    0x000006d5      0x6c6 Device_Startup/system_saml11e16a.o
 .debug_line    0x00000d9b      0x6b5 main.o
 .debug_line    0x00001450      0xa2b Secure_Functions/secure.o
 .debug_line    0x00001e7b       0x68 Trust_Zone/veneer.o

.debug_str      0x00000000    0x7f5be
 .debug_str     0x00000000    0x7e034 Device_Startup/startup_saml11e16a.o
                              0x7e4aa (size before relaxing)
 .debug_str     0x0007e034       0x60 Device_Startup/system_saml11e16a.o
                              0x7dfa9 (size before relaxing)
 .debug_str     0x0007e094      0x116 main.o
                              0x7e06f (size before relaxing)
 .debug_str     0x0007e1aa     0x13e7 Secure_Functions/secure.o
                              0x7f45a (size before relaxing)
 .debug_str     0x0007f591       0x2d Trust_Zone/veneer.o
                               0x2589 (size before relaxing)

.debug_frame    0x00000000      0x104
 .debug_frame   0x00000000       0x38 Device_Startup/startup_saml11e16a.o
 .debug_frame   0x00000038       0x30 Device_Startup/system_saml11e16a.o
 .debug_frame   0x00000068       0x28 main.o
 .debug_frame   0x00000090       0x20 Secure_Functions/secure.o
 .debug_frame   0x000000b0       0x28 Trust_Zone/veneer.o
 .debug_frame   0x000000d8       0x2c c:/program files (x86)/atmel/studio/7.0/toolchain/arm/arm-gnu-toolchain/bin/../lib/gcc/arm-none-eabi/6.3.1/../../../../arm-none-eabi/lib/thumb/v8-m.base\libc_nano.a(lib_a-init.o)
